Archive member included to satisfy reference by file (symbol)

c:/program files (x86)/atmel/studio/7.0/toolchain/arm/arm-gnu-toolchain/bin/../lib/gcc/arm-none-eabi/6.3.1/../../../../arm-none-eabi/lib/thumb/v7-m\libc.a(lib_a-exit.o)
                              c:/program files (x86)/atmel/studio/7.0/toolchain/arm/arm-gnu-toolchain/bin/../lib/gcc/arm-none-eabi/6.3.1/../../../../arm-none-eabi/lib/thumb/v7-m/crt0.o (exit)
c:/program files (x86)/atmel/studio/7.0/toolchain/arm/arm-gnu-toolchain/bin/../lib/gcc/arm-none-eabi/6.3.1/../../../../arm-none-eabi/lib/thumb/v7-m\libc.a(lib_a-impure.o)
                              c:/program files (x86)/atmel/studio/7.0/toolchain/arm/arm-gnu-toolchain/bin/../lib/gcc/arm-none-eabi/6.3.1/../../../../arm-none-eabi/lib/thumb/v7-m\libc.a(lib_a-exit.o) (_global_impure_ptr)
c:/program files (x86)/atmel/studio/7.0/toolchain/arm/arm-gnu-toolchain/bin/../lib/gcc/arm-none-eabi/6.3.1/../../../../arm-none-eabi/lib/thumb/v7-m\libc.a(lib_a-init.o)
                              c:/program files (x86)/atmel/studio/7.0/toolchain/arm/arm-gnu-toolchain/bin/../lib/gcc/arm-none-eabi/6.3.1/../../../../arm-none-eabi/lib/thumb/v7-m/crt0.o (__libc_init_array)
c:/program files (x86)/atmel/studio/7.0/toolchain/arm/arm-gnu-toolchain/bin/../lib/gcc/arm-none-eabi/6.3.1/../../../../arm-none-eabi/lib/thumb/v7-m\libc.a(lib_a-iprintf.o)
                              src/ASF/sam/drivers/adc/adc.o (iprintf)
c:/program files (x86)/atmel/studio/7.0/toolchain/arm/arm-gnu-toolchain/bin/../lib/gcc/arm-none-eabi/6.3.1/../../../../arm-none-eabi/lib/thumb/v7-m\libc.a(lib_a-memcpy.o)
                              src/ASF/common/services/usb/class/cdc/device/udi_cdc.o (memcpy)
c:/program files (x86)/atmel/studio/7.0/toolchain/arm/arm-gnu-toolchain/bin/../lib/gcc/arm-none-eabi/6.3.1/../../../../arm-none-eabi/lib/thumb/v7-m\libc.a(lib_a-memset.o)
                              c:/program files (x86)/atmel/studio/7.0/toolchain/arm/arm-gnu-toolchain/bin/../lib/gcc/arm-none-eabi/6.3.1/../../../../arm-none-eabi/lib/thumb/v7-m/crt0.o (memset)
c:/program files (x86)/atmel/studio/7.0/toolchain/arm/arm-gnu-toolchain/bin/../lib/gcc/arm-none-eabi/6.3.1/../../../../arm-none-eabi/lib/thumb/v7-m\libc.a(lib_a-puts.o)
                              src/ASF/sam/drivers/adc/adc.o (puts)
c:/program files (x86)/atmel/studio/7.0/toolchain/arm/arm-gnu-toolchain/bin/../lib/gcc/arm-none-eabi/6.3.1/../../../../arm-none-eabi/lib/thumb/v7-m\libc.a(lib_a-snprintf.o)
                              src/main.o (snprintf)
c:/program files (x86)/atmel/studio/7.0/toolchain/arm/arm-gnu-toolchain/bin/../lib/gcc/arm-none-eabi/6.3.1/../../../../arm-none-eabi/lib/thumb/v7-m\libc.a(lib_a-strlen-stub.o)
                              c:/program files (x86)/atmel/studio/7.0/toolchain/arm/arm-gnu-toolchain/bin/../lib/gcc/arm-none-eabi/6.3.1/../../../../arm-none-eabi/lib/thumb/v7-m\libc.a(lib_a-puts.o) (strlen)
c:/program files (x86)/atmel/studio/7.0/toolchain/arm/arm-gnu-toolchain/bin/../lib/gcc/arm-none-eabi/6.3.1/../../../../arm-none-eabi/lib/thumb/v7-m\libc.a(lib_a-svfprintf.o)
                              c:/program files (x86)/atmel/studio/7.0/toolchain/arm/arm-gnu-toolchain/bin/../lib/gcc/arm-none-eabi/6.3.1/../../../../arm-none-eabi/lib/thumb/v7-m\libc.a(lib_a-snprintf.o) (_svfprintf_r)
c:/program files (x86)/atmel/studio/7.0/toolchain/arm/arm-gnu-toolchain/bin/../lib/gcc/arm-none-eabi/6.3.1/../../../../arm-none-eabi/lib/thumb/v7-m\libc.a(lib_a-vfiprintf.o)
                              c:/program files (x86)/atmel/studio/7.0/toolchain/arm/arm-gnu-toolchain/bin/../lib/gcc/arm-none-eabi/6.3.1/../../../../arm-none-eabi/lib/thumb/v7-m\libc.a(lib_a-iprintf.o) (_vfiprintf_r)
c:/program files (x86)/atmel/studio/7.0/toolchain/arm/arm-gnu-toolchain/bin/../lib/gcc/arm-none-eabi/6.3.1/../../../../arm-none-eabi/lib/thumb/v7-m\libc.a(lib_a-wsetup.o)
                              c:/program files (x86)/atmel/studio/7.0/toolchain/arm/arm-gnu-toolchain/bin/../lib/gcc/arm-none-eabi/6.3.1/../../../../arm-none-eabi/lib/thumb/v7-m\libc.a(lib_a-vfiprintf.o) (__swsetup_r)
c:/program files (x86)/atmel/studio/7.0/toolchain/arm/arm-gnu-toolchain/bin/../lib/gcc/arm-none-eabi/6.3.1/../../../../arm-none-eabi/lib/thumb/v7-m\libc.a(lib_a-__call_atexit.o)
                              c:/program files (x86)/atmel/studio/7.0/toolchain/arm/arm-gnu-toolchain/bin/../lib/gcc/arm-none-eabi/6.3.1/../../../../arm-none-eabi/lib/thumb/v7-m\libc.a(lib_a-exit.o) (__call_exitprocs)
c:/program files (x86)/atmel/studio/7.0/toolchain/arm/arm-gnu-toolchain/bin/../lib/gcc/arm-none-eabi/6.3.1/../../../../arm-none-eabi/lib/thumb/v7-m\libc.a(lib_a-atexit.o)
                              c:/program files (x86)/atmel/studio/7.0/toolchain/arm/arm-gnu-toolchain/bin/../lib/gcc/arm-none-eabi/6.3.1/../../../../arm-none-eabi/lib/thumb/v7-m\libc.a(lib_a-__call_atexit.o) (atexit)
[...]
Memory Configuration

Name             Origin             Length             Attributes
rom              0x00080000         0x00080000         xr
sram0            0x20000000         0x00010000         xrw
sram1            0x20080000         0x00008000         xrw
ram              0x20070000         0x00018000         xrw
*default*        0x00000000         0xffffffff

Linker script and memory map

LOAD c:/program files (x86)/atmel/studio/7.0/toolchain/arm/arm-gnu-toolchain/bin/../lib/gcc/arm-none-eabi/6.3.1/thumb/v7-m/crti.o
LOAD c:/program files (x86)/atmel/studio/7.0/toolchain/arm/arm-gnu-toolchain/bin/../lib/gcc/arm-none-eabi/6.3.1/thumb/v7-m/crtbegin.o
LOAD c:/program files (x86)/atmel/studio/7.0/toolchain/arm/arm-gnu-toolchain/bin/../lib/gcc/arm-none-eabi/6.3.1/../../../../arm-none-eabi/lib/thumb/v7-m/crt0.o
LOAD src/ASF/common/services/sleepmgr/sam/sleepmgr.o
LOAD src/ASF/common/services/usb/class/cdc/device/udi_cdc.o
LOAD src/ASF/common/services/usb/udc/udc.o
LOAD src/ASF/sam/drivers/adc/adc.o
LOAD src/ASF/sam/drivers/adc/adc_sam3u.o
LOAD src/ASF/sam/drivers/dacc/dacc.o
LOAD src/ASF/sam/drivers/tc/tc.o
LOAD src/ASF/sam/drivers/uotghs/uotghs_device.o
LOAD src/ASF/common/services/usb/class/cdc/device/udi_cdc_desc.o
LOAD src/ASF/common/services/delay/sam/cycle_counter.o
LOAD src/ASF/common/services/clock/sam3x/sysclk.o
LOAD src/ASF/common/utils/interrupt/interrupt_sam_nvic.o
LOAD src/ASF/sam/boards/arduino_due_x/init.o
LOAD src/ASF/sam/drivers/pio/pio.o
LOAD src/ASF/sam/drivers/pio/pio_handler.o
LOAD src/ASF/sam/drivers/pmc/pmc.o
LOAD src/ASF/sam/drivers/pmc/sleep.o
LOAD src/ASF/sam/utils/cmsis/sam3x/source/templates/exceptions.o
LOAD src/ASF/sam/utils/cmsis/sam3x/source/templates/gcc/startup_sam3x.o
LOAD src/ASF/sam/utils/cmsis/sam3x/source/templates/system_sam3x.o
LOAD src/ASF/sam/utils/syscalls/gcc/syscalls.o
LOAD src/main.o
START GROUP
LOAD ../src/ASF/thirdparty/CMSIS/Lib/GCC\libarm_cortexM3l_math.a
LOAD c:/program files (x86)/atmel/studio/7.0/toolchain/arm/arm-gnu-toolchain/bin/../lib/gcc/arm-none-eabi/6.3.1/../../../../arm-none-eabi/lib/thumb/v7-m\libm.a
END GROUP
START GROUP
LOAD c:/program files (x86)/atmel/studio/7.0/toolchain/arm/arm-gnu-toolchain/bin/../lib/gcc/arm-none-eabi/6.3.1/thumb/v7-m\libgcc.a
LOAD c:/program files (x86)/atmel/studio/7.0/toolchain/arm/arm-gnu-toolchain/bin/../lib/gcc/arm-none-eabi/6.3.1/../../../../arm-none-eabi/lib/thumb/v7-m\libc.a
END GROUP
LOAD c:/program files (x86)/atmel/studio/7.0/toolchain/arm/arm-gnu-toolchain/bin/../lib/gcc/arm-none-eabi/6.3.1/thumb/v7-m/crtend.o
LOAD c:/program files (x86)/atmel/studio/7.0/toolchain/arm/arm-gnu-toolchain/bin/../lib/gcc/arm-none-eabi/6.3.1/thumb/v7-m/crtn.o
                0x00002000                __stack_size__ = DEFINED (__stack_size__)?__stack_size__:0x2000
                0x20087ffc                __ram_end__ = ((ORIGIN (ram) + LENGTH (ram)) - 0x4)

.text           0x00080000     0x72ec
                0x00080000                . = ALIGN (0x4)
                0x00080000                _sfixed = .
 *(.vectors .vectors.*)
 .vectors       0x00080000       0xf4 src/ASF/sam/utils/cmsis/sam3x/source/templates/gcc/startup_sam3x.o
                0x00080000                exception_table
 *(.text .text.* .gnu.linkonce.t.*)
 .text          0x000800f4       0x6c c:/program files (x86)/atmel/studio/7.0/toolchain/arm/arm-gnu-toolchain/bin/../lib/gcc/arm-none-eabi/6.3.1/thumb/v7-m/crtbegin.o
 .text.udi_cdc_comm_enable
                0x00080160       0x4c src/ASF/common/services/usb/class/cdc/device/udi_cdc.o
                0x00080160                udi_cdc_comm_enable
 .text.udi_cdc_comm_disable
                0x000801ac       0x10 src/ASF/common/services/usb/class/cdc/device/udi_cdc.o
                0x000801ac                udi_cdc_comm_disable
 .text.udi_cdc_data_disable
                0x000801bc       0x1c src/ASF/common/services/usb/class/cdc/device/udi_cdc.o
                0x000801bc                udi_cdc_data_disable
 .text.udi_cdc_data_setup
                0x000801d8        0x4 src/ASF/common/services/usb/class/cdc/device/udi_cdc.o
                0x000801d8                udi_cdc_data_setup
 .text.udi_cdc_getsetting
                0x000801dc        0x4 src/ASF/common/services/usb/class/cdc/device/udi_cdc.o
                0x000801dc                udi_cdc_getsetting
 .text.udi_cdc_comm_setup
                0x000801e0       0x84 src/ASF/common/services/usb/class/cdc/device/udi_cdc.o
                0x000801e0                udi_cdc_comm_setup
 .text.udi_cdc_line_coding_received
                0x00080264        0x2 src/ASF/common/services/usb/class/cdc/device/udi_cdc.o
 *fill*         0x00080266        0x2 
 .text.udi_cdc_tx_send
                0x00080268      0x148 src/ASF/common/services/usb/class/cdc/device/udi_cdc.o
 .text.udi_cdc_data_sent
                0x000803b0       0x38 src/ASF/common/services/usb/class/cdc/device/udi_cdc.o
 .text.udi_cdc_data_sof_notify
                0x000803e8       0x10 src/ASF/common/services/usb/class/cdc/device/udi_cdc.o
                0x000803e8                udi_cdc_data_sof_notify
 .text.udi_cdc_multi_get_nb_received_data
                0x000803f8       0x54 src/ASF/common/services/usb/class/cdc/device/udi_cdc.o
                0x000803f8                udi_cdc_multi_get_nb_received_data
 .text.udi_cdc_multi_is_rx_ready
                0x0008044c       0x14 src/ASF/common/services/usb/class/cdc/device/udi_cdc.o
                0x0008044c                udi_cdc_multi_is_rx_ready
 .text.udi_cdc_rx_start
                0x00080460       0xb8 src/ASF/common/services/usb/class/cdc/device/udi_cdc.o
 .text.udi_cdc_data_enable
                0x00080518       0x94 src/ASF/common/services/usb/class/cdc/device/udi_cdc.o
                0x00080518                udi_cdc_data_enable
 .text.udi_cdc_data_received
                0x000805ac       0x5c src/ASF/common/services/usb/class/cdc/device/udi_cdc.o
 .text.udi_cdc_multi_get_free_tx_buffer
                0x00080608       0x7c src/ASF/common/services/usb/class/cdc/device/udi_cdc.o
                0x00080608                udi_cdc_multi_get_free_tx_buffer
 .text.udi_cdc_multi_is_tx_ready
                0x00080684       0x14 src/ASF/common/services/usb/class/cdc/device/udi_cdc.o
                0x00080684                udi_cdc_multi_is_tx_ready
 .text.udi_cdc_multi_putc
                0x00080698       0x9c src/ASF/common/services/usb/class/cdc/device/udi_cdc.o
                0x00080698                udi_cdc_multi_putc
 .text.udi_cdc_putc
                0x00080734       0x10 src/ASF/common/services/usb/class/cdc/device/udi_cdc.o
                0x00080734                udi_cdc_putc
 .text.udc_next_desc_in_iface
                0x00080744       0x48 src/ASF/common/services/usb/udc/udc.o
 .text.udc_valid_address
                0x0008078c       0x18 src/ASF/common/services/usb/udc/udc.o
 .text.udc_update_iface_desc
                0x000807a4       0x74 src/ASF/common/services/usb/udc/udc.o
 .text.udc_iface_disable
                0x00080818       0x6c src/ASF/common/services/usb/udc/udc.o
 .text.udc_iface_enable
                0x00080884       0x5c src/ASF/common/services/usb/udc/udc.o
 .text.udc_start
                0x000808e0        0xc src/ASF/common/services/usb/udc/udc.o
                0x000808e0                udc_start
 .text.udc_reset
                0x000808ec       0x48 src/ASF/common/services/usb/udc/udc.o
                0x000808ec                udc_reset
 .text.udc_sof_notify
                0x00080934       0x40 src/ASF/common/services/usb/udc/udc.o
                0x00080934                udc_sof_notify
 .text.udc_process_setup
                0x00080974      0x410 src/ASF/common/services/usb/udc/udc.o
                0x00080974                udc_process_setup
 .text.adc_get_channel_value
                0x00080d84        0xe src/ASF/sam/drivers/adc/adc.o
                0x00080d84                adc_get_channel_value
 .text.adc_get_status
                0x00080d92        0x4 src/ASF/sam/drivers/adc/adc.o
                0x00080d92                adc_get_status
 .text.tc_init  0x00080d96       0x18 src/ASF/sam/drivers/tc/tc.o
                0x00080d96                tc_init
 .text.tc_start
                0x00080dae        0x8 src/ASF/sam/drivers/tc/tc.o
                0x00080dae                tc_start
 .text.tc_write_rc
                0x00080db6        0x8 src/ASF/sam/drivers/tc/tc.o
                0x00080db6                tc_write_rc
 .text.tc_enable_interrupt
                0x00080dbe        0x8 src/ASF/sam/drivers/tc/tc.o
                0x00080dbe                tc_enable_interrupt
 .text.tc_get_status
                0x00080dc6        0x8 src/ASF/sam/drivers/tc/tc.o
                0x00080dc6                tc_get_status
 *fill*         0x00080dce        0x2 
 .text.udd_ctrl_init
                0x00080dd0       0x5c src/ASF/sam/drivers/uotghs/uotghs_device.o
 .text.udd_ctrl_stall_data
                0x00080e2c       0x18 src/ASF/sam/drivers/uotghs/uotghs_device.o
 .text.udd_ctrl_send_zlp_in
                0x00080e44       0x54 src/ASF/sam/drivers/uotghs/uotghs_device.o
 .text.udd_ctrl_endofrequest
                0x00080e98       0x10 src/ASF/sam/drivers/uotghs/uotghs_device.o
 .text.udd_ctrl_in_sent
                0x00080ea8      0x17c src/ASF/sam/drivers/uotghs/uotghs_device.o
 .text.udd_ep_finish_job
                0x00081024       0x38 src/ASF/sam/drivers/uotghs/uotghs_device.o
 .text.udd_ep_trans_done
                0x0008105c      0x1a8 src/ASF/sam/drivers/uotghs/uotghs_device.o
 .text.udd_sleep_mode
                0x00081204       0xa4 src/ASF/sam/drivers/uotghs/uotghs_device.o
 .text.udd_enable
                0x000812a8      0x198 src/ASF/sam/drivers/uotghs/uotghs_device.o
                0x000812a8                udd_enable
 .text.udd_attach
                0x00081440       0x8c src/ASF/sam/drivers/uotghs/uotghs_device.o
                0x00081440                udd_attach
 .text.udd_detach
                0x000814cc       0x34 src/ASF/sam/drivers/uotghs/uotghs_device.o
                0x000814cc                udd_detach
 .text.UOTGHS_Handler
                0x00081500      0x618 src/ASF/sam/drivers/uotghs/uotghs_device.o
                0x00081500                UOTGHS_Handler
 .text.udd_is_high_speed
                0x00081b18        0x4 src/ASF/sam/drivers/uotghs/uotghs_device.o
                0x00081b18                udd_is_high_speed
 .text.udd_set_address
                0x00081b1c       0x28 src/ASF/sam/drivers/uotghs/uotghs_device.o
                0x00081b1c                udd_set_address
 .text.udd_getaddress
                0x00081b44       0x10 src/ASF/sam/drivers/uotghs/uotghs_device.o
                0x00081b44                udd_getaddress
 .text.udd_get_frame_number
                0x00081b54       0x10 src/ASF/sam/drivers/uotghs/uotghs_device.o
                0x00081b54                udd_get_frame_number
 .text.udd_get_micro_frame_number
                0x00081b64       0x10 src/ASF/sam/drivers/uotghs/uotghs_device.o
                0x00081b64                udd_get_micro_frame_number
 .text.udd_set_setup_payload
                0x00081b74        0xc src/ASF/sam/drivers/uotghs/uotghs_device.o
                0x00081b74                udd_set_setup_payload
 .text.udd_ep_free
                0x00081b80       0x5c src/ASF/sam/drivers/uotghs/uotghs_device.o
                0x00081b80                udd_ep_free
 .text.udd_ep_is_halted
                0x00081bdc       0x14 src/ASF/sam/drivers/uotghs/uotghs_device.o
                0x00081bdc                udd_ep_is_halted
 .text.udd_ep_set_halt
                0x00081bf0      0x100 src/ASF/sam/drivers/uotghs/uotghs_device.o
                0x00081bf0                udd_ep_set_halt
 .text.udd_ep_clear_halt
                0x00081cf0       0xdc src/ASF/sam/drivers/uotghs/uotghs_device.o
                0x00081cf0                udd_ep_clear_halt
 .text.udd_ep_run
                0x00081dcc       0xfc src/ASF/sam/drivers/uotghs/uotghs_device.o
                0x00081dcc                udd_ep_run
 .text.udd_ep_alloc
                0x00081ec8      0x1f8 src/ASF/sam/drivers/uotghs/uotghs_device.o
                0x00081ec8                udd_ep_alloc
 .text.udd_ep_abort
                0x000820c0       0x80 src/ASF/sam/drivers/uotghs/uotghs_device.o
                0x000820c0                udd_ep_abort
 .text.sysclk_enable_usb
                0x00082140       0x20 src/ASF/common/services/clock/sam3x/sysclk.o
                0x00082140                sysclk_enable_usb
 .text.board_init
                0x00082160       0x80 src/ASF/sam/boards/arduino_due_x/init.o
                0x00082160                board_init
 .text.pio_set_peripheral
                0x000821e0       0x3e src/ASF/sam/drivers/pio/pio.o
                0x000821e0                pio_set_peripheral
 .text.pio_set_input
                0x0008221e       0x32 src/ASF/sam/drivers/pio/pio.o
                0x0008221e                pio_set_input
 .text.pio_set_output
                0x00082250       0x26 src/ASF/sam/drivers/pio/pio.o
                0x00082250                pio_set_output
 .text.pio_get_interrupt_status
                0x00082276        0x4 src/ASF/sam/drivers/pio/pio.o
                0x00082276                pio_get_interrupt_status
 .text.pio_get_interrupt_mask
                0x0008227a        0x4 src/ASF/sam/drivers/pio/pio.o
                0x0008227a                pio_get_interrupt_mask
 *fill*         0x0008227e        0x2 
 .text.pio_configure_pin
                0x00082280       0xd0 src/ASF/sam/drivers/pio/pio.o
                0x00082280                pio_configure_pin
 .text.pio_configure_pin_group
                0x00082350       0x9c src/ASF/sam/drivers/pio/pio.o
                0x00082350                pio_configure_pin_group
 .text.pio_handler_process
                0x000823ec       0x50 src/ASF/sam/drivers/pio/pio_handler.o
                0x000823ec                pio_handler_process
 .text.PIOA_Handler
                0x0008243c       0x14 src/ASF/sam/drivers/pio/pio_handler.o
                0x0008243c                PIOA_Handler
 .text.PIOB_Handler
                0x00082450       0x14 src/ASF/sam/drivers/pio/pio_handler.o
                0x00082450                PIOB_Handler
 .text.PIOC_Handler
                0x00082464       0x14 src/ASF/sam/drivers/pio/pio_handler.o
                0x00082464                PIOC_Handler
 .text.PIOD_Handler
                0x00082478       0x14 src/ASF/sam/drivers/pio/pio_handler.o
                0x00082478                PIOD_Handler
 .text.pmc_enable_upll_clock
                0x0008248c       0x18 src/ASF/sam/drivers/pmc/pmc.o
                0x0008248c                pmc_enable_upll_clock
 .text.pmc_enable_periph_clk
                0x000824a4       0x20 src/ASF/sam/drivers/pmc/pmc.o
                0x000824a4                pmc_enable_periph_clk
 .text.pmc_switch_udpck_to_upllck
                0x000824c4       0x14 src/ASF/sam/drivers/pmc/pmc.o
                0x000824c4                pmc_switch_udpck_to_upllck
 .text.pmc_enable_udpck
                0x000824d8        0xc src/ASF/sam/drivers/pmc/pmc.o
                0x000824d8                pmc_enable_udpck
 .text.pmc_set_fast_startup_input
                0x000824e4       0x14 src/ASF/sam/drivers/pmc/pmc.o
                0x000824e4                pmc_set_fast_startup_input
 .text.pmc_is_wakeup_clocks_restored
                0x000824f8       0x10 src/ASF/sam/drivers/pmc/sleep.o
                0x000824f8                pmc_is_wakeup_clocks_restored
 .text.Dummy_Handler
                0x00082508        0x2 src/ASF/sam/utils/cmsis/sam3x/source/templates/exceptions.o
                0x00082508                DACC_Handler
                0x00082508                DebugMon_Handler
                0x00082508                DMAC_Handler
                0x00082508                TRNG_Handler
                0x00082508                HardFault_Handler
                0x00082508                TC2_Handler
                0x00082508                SysTick_Handler
                0x00082508                USART3_Handler
                0x00082508                TWI1_Handler
                0x00082508                PendSV_Handler
                0x00082508                NMI_Handler
                0x00082508                TC7_Handler
                0x00082508                SMC_Handler
                0x00082508                USART0_Handler
                0x00082508                RTT_Handler
                0x00082508                EFC1_Handler
                0x00082508                RTC_Handler
                0x00082508                UsageFault_Handler
                0x00082508                TC6_Handler
                0x00082508                WDT_Handler
                0x00082508                CAN0_Handler
                0x00082508                TC4_Handler
                0x00082508                TC1_Handler
                0x00082508                HSMCI_Handler
                0x00082508                TC3_Handler
                0x00082508                Dummy_Handler
                0x00082508                TWI0_Handler
                0x00082508                USART1_Handler
                0x00082508                SSC_Handler
                0x00082508                EFC0_Handler
                0x00082508                PMC_Handler
                0x00082508                PWM_Handler
                0x00082508                CAN1_Handler
                0x00082508                MemManage_Handler
                0x00082508                SUPC_Handler
                0x00082508                SVC_Handler
                0x00082508                TC8_Handler
                0x00082508                USART2_Handler
                0x00082508                EMAC_Handler
                0x00082508                UART_Handler
                0x00082508                BusFault_Handler
                0x00082508                RSTC_Handler
                0x00082508                TC5_Handler
                0x00082508                SPI0_Handler
 *fill*         0x0008250a        0x2 
 .text.Reset_Handler
                0x0008250c       0x98 src/ASF/sam/utils/cmsis/sam3x/source/templates/gcc/startup_sam3x.o
                0x0008250c                Reset_Handler
 .text._sbrk    0x000825a4       0x38 src/ASF/sam/utils/syscalls/gcc/syscalls.o
                0x000825a4                _sbrk
 .text.debug_print
                0x000825dc       0x1c src/main.o
                0x000825dc                debug_print
 .text.TC0_Handler
                0x000825f8       0x14 src/main.o
                0x000825f8                TC0_Handler
 .text.configure_timer
                0x0008260c       0x5c src/main.o
                0x0008260c                configure_timer
 .text.ADC_Handler
                0x00082668       0x4c src/main.o
                0x00082668                ADC_Handler
 .text.main     0x000826b4       0x70 src/main.o
                0x000826b4                main
 .text.__libc_init_array
                0x00082724       0x50 c:/program files (x86)/atmel/studio/7.0/toolchain/arm/arm-gnu-toolchain/bin/../lib/gcc/arm-none-eabi/6.3.1/../../../../arm-none-eabi/lib/thumb/v7-m\libc.a(lib_a-init.o)
                0x00082724                __libc_init_array
 .text          0x00082774       0xec c:/program files (x86)/atmel/studio/7.0/toolchain/arm/arm-gnu-toolchain/bin/../lib/gcc/arm-none-eabi/6.3.1/../../../../arm-none-eabi/lib/thumb/v7-m\libc.a(lib_a-memcpy.o)
                0x00082774                memcpy
 .text.memset   0x00082860       0x9c c:/program files (x86)/atmel/studio/7.0/toolchain/arm/arm-gnu-toolchain/bin/../lib/gcc/arm-none-eabi/6.3.1/../../../../arm-none-eabi/lib/thumb/v7-m\libc.a(lib_a-memset.o)
                0x00082860                memset
 .text.snprintf
                0x000828fc       0x94 c:/program files (x86)/atmel/studio/7.0/toolchain/arm/arm-gnu-toolchain/bin/../lib/gcc/arm-none-eabi/6.3.1/../../../../arm-none-eabi/lib/thumb/v7-m\libc.a(lib_a-snprintf.o)
                0x000828fc                snprintf
 .text.strlen   0x00082990       0x5c c:/program files (x86)/atmel/studio/7.0/toolchain/arm/arm-gnu-toolchain/bin/../lib/gcc/arm-none-eabi/6.3.1/../../../../arm-none-eabi/lib/thumb/v7-m\libc.a(lib_a-strlen-stub.o)
                0x00082990                strlen
 .text._svfprintf_r
                0x000829ec     0x1500 c:/program files (x86)/atmel/studio/7.0/toolchain/arm/arm-gnu-toolchain/bin/../lib/gcc/arm-none-eabi/6.3.1/../../../../arm-none-eabi/lib/thumb/v7-m\libc.a(lib_a-svfprintf.o)
                0x000829ec                _svfprintf_r
 .text.startup.register_fini
                0x00083eec       0x14 c:/program files (x86)/atmel/studio/7.0/toolchain/arm/arm-gnu-toolchain/bin/../lib/gcc/arm-none-eabi/6.3.1/../../../../arm-none-eabi/lib/thumb/v7-m\libc.a(lib_a-__call_atexit.o)
 .text.atexit   0x00083f00        0xc c:/program files (x86)/atmel/studio/7.0/toolchain/arm/arm-gnu-toolchain/bin/../lib/gcc/arm-none-eabi/6.3.1/../../../../arm-none-eabi/lib/thumb/v7-m\libc.a(lib_a-atexit.o)
                0x00083f00                atexit
 .text.quorem   0x00083f0c      0x128 c:/program files (x86)/atmel/studio/7.0/toolchain/arm/arm-gnu-toolchain/bin/../lib/gcc/arm-none-eabi/6.3.1/../../../../arm-none-eabi/lib/thumb/v7-m\libc.a(lib_a-dtoa.o)
 *fill*         0x00084034        0x4 
 .text._dtoa_r  0x00084038      0xe44 c:/program files (x86)/atmel/studio/7.0/toolchain/arm/arm-gnu-toolchain/bin/../lib/gcc/arm-none-eabi/6.3.1/../../../../arm-none-eabi/lib/thumb/v7-m\libc.a(lib_a-dtoa.o)
                0x00084038                _dtoa_r
 .text.__libc_fini_array
                0x00084e7c       0x34 c:/program files (x86)/atmel/studio/7.0/toolchain/arm/arm-gnu-toolchain/bin/../lib/gcc/arm-none-eabi/6.3.1/../../../../arm-none-eabi/lib/thumb/v7-m\libc.a(lib_a-fini.o)
                0x00084e7c                __libc_fini_array
 .text._malloc_trim_r
                0x00084eb0       0xa0 c:/program files (x86)/atmel/studio/7.0/toolchain/arm/arm-gnu-toolchain/bin/../lib/gcc/arm-none-eabi/6.3.1/../../../../arm-none-eabi/lib/thumb/v7-m\libc.a(lib_a-freer.o)
                0x00084eb0                _malloc_trim_r
 .text._free_r  0x00084f50      0x1cc c:/program files (x86)/atmel/studio/7.0/toolchain/arm/arm-gnu-toolchain/bin/../lib/gcc/arm-none-eabi/6.3.1/../../../../arm-none-eabi/lib/thumb/v7-m\libc.a(lib_a-freer.o)
                0x00084f50                _free_r
 .text._localeconv_r
                0x0008511c       0x1c c:/program files (x86)/atmel/studio/7.0/toolchain/arm/arm-gnu-toolchain/bin/../lib/gcc/arm-none-eabi/6.3.1/../../../../arm-none-eabi/lib/thumb/v7-m\libc.a(lib_a-localeconv.o)
                0x0008511c                _localeconv_r
 .text.__retarget_lock_acquire_recursive
                0x00085138        0x4 c:/program files (x86)/atmel/studio/7.0/toolchain/arm/arm-gnu-toolchain/bin/../lib/gcc/arm-none-eabi/6.3.1/../../../../arm-none-eabi/lib/thumb/v7-m\libc.a(lib_a-lock.o)
                0x00085138                __retarget_lock_acquire_recursive
 .text.__retarget_lock_release_recursive
                0x0008513c        0x4 c:/program files (x86)/atmel/studio/7.0/toolchain/arm/arm-gnu-toolchain/bin/../lib/gcc/arm-none-eabi/6.3.1/../../../../arm-none-eabi/lib/thumb/v7-m\libc.a(lib_a-lock.o)
                0x0008513c                __retarget_lock_release_recursive
 .text._malloc_r
                0x00085140      0x544 c:/program files (x86)/atmel/studio/7.0/toolchain/arm/arm-gnu-toolchain/bin/../lib/gcc/arm-none-eabi/6.3.1/../../../../arm-none-eabi/lib/thumb/v7-m\libc.a(lib_a-mallocr.o)
                0x00085140                _malloc_r
 .text.__ascii_mbtowc
                0x00085684       0x2c c:/program files (x86)/atmel/studio/7.0/toolchain/arm/arm-gnu-toolchain/bin/../lib/gcc/arm-none-eabi/6.3.1/../../../../arm-none-eabi/lib/thumb/v7-m\libc.a(lib_a-mbtowc_r.o)
                0x00085684                __ascii_mbtowc
 .text.memchr   0x000856b0       0x8c c:/program files (x86)/atmel/studio/7.0/toolchain/arm/arm-gnu-toolchain/bin/../lib/gcc/arm-none-eabi/6.3.1/../../../../arm-none-eabi/lib/thumb/v7-m\libc.a(lib_a-memchr-stub.o)
                0x000856b0                memchr
 .text.memmove  0x0008573c       0xc8 c:/program files (x86)/atmel/studio/7.0/toolchain/arm/arm-gnu-toolchain/bin/../lib/gcc/arm-none-eabi/6.3.1/../../../../arm-none-eabi/lib/thumb/v7-m\libc.a(lib_a-memmove.o)
                0x0008573c                memmove
 .text.__malloc_lock
                0x00085804        0xc c:/program files (x86)/atmel/studio/7.0/toolchain/arm/arm-gnu-toolchain/bin/../lib/gcc/arm-none-eabi/6.3.1/../../../../arm-none-eabi/lib/thumb/v7-m\libc.a(lib_a-mlock.o)
                0x00085804                __malloc_lock
 .text.__malloc_unlock
                0x00085810        0xc c:/program files (x86)/atmel/studio/7.0/toolchain/arm/arm-gnu-toolchain/bin/../lib/gcc/arm-none-eabi/6.3.1/../../../../arm-none-eabi/lib/thumb/v7-m\libc.a(lib_a-mlock.o)
                0x00085810                __malloc_unlock
 .text._Balloc  0x0008581c       0x4c c:/program files (x86)/atmel/studio/7.0/toolchain/arm/arm-gnu-toolchain/bin/../lib/gcc/arm-none-eabi/6.3.1/../../../../arm-none-eabi/lib/thumb/v7-m\libc.a(lib_a-mprec.o)
                0x0008581c                _Balloc
 .text._Bfree   0x00085868       0x14 c:/program files (x86)/atmel/studio/7.0/toolchain/arm/arm-gnu-toolchain/bin/../lib/gcc/arm-none-eabi/6.3.1/../../../../arm-none-eabi/lib/thumb/v7-m\libc.a(lib_a-mprec.o)
                0x00085868                _Bfree
 .text.__multadd
                0x0008587c       0x84 c:/program files (x86)/atmel/studio/7.0/toolchain/arm/arm-gnu-toolchain/bin/../lib/gcc/arm-none-eabi/6.3.1/../../../../arm-none-eabi/lib/thumb/v7-m\libc.a(lib_a-mprec.o)
                0x0008587c                __multadd
 .text.__hi0bits
                0x00085900       0x40 c:/program files (x86)/atmel/studio/7.0/toolchain/arm/arm-gnu-toolchain/bin/../lib/gcc/arm-none-eabi/6.3.1/../../../../arm-none-eabi/lib/thumb/v7-m\libc.a(lib_a-mprec.o)
                0x00085900                __hi0bits
 .text.__lo0bits
                0x00085940       0x60 c:/program files (x86)/atmel/studio/7.0/toolchain/arm/arm-gnu-toolchain/bin/../lib/gcc/arm-none-eabi/6.3.1/../../../../arm-none-eabi/lib/thumb/v7-m\libc.a(lib_a-mprec.o)
                0x00085940                __lo0bits
 .text.__i2b    0x000859a0       0x14 c:/program files (x86)/atmel/studio/7.0/toolchain/arm/arm-gnu-toolchain/bin/../lib/gcc/arm-none-eabi/6.3.1/../../../../arm-none-eabi/lib/thumb/v7-m\libc.a(lib_a-mprec.o)
                0x000859a0                __i2b
 .text.__multiply
                0x000859b4      0x124 c:/program files (x86)/atmel/studio/7.0/toolchain/arm/arm-gnu-toolchain/bin/../lib/gcc/arm-none-eabi/6.3.1/../../../../arm-none-eabi/lib/thumb/v7-m\libc.a(lib_a-mprec.o)
                0x000859b4                __multiply
 .text.__pow5mult
                0x00085ad8       0xa0 c:/program files (x86)/atmel/studio/7.0/toolchain/arm/arm-gnu-toolchain/bin/../lib/gcc/arm-none-eabi/6.3.1/../../../../arm-none-eabi/lib/thumb/v7-m\libc.a(lib_a-mprec.o)
                0x00085ad8                __pow5mult
 .text.__lshift
                0x00085b78       0xa0 c:/program files (x86)/atmel/studio/7.0/toolchain/arm/arm-gnu-toolchain/bin/../lib/gcc/arm-none-eabi/6.3.1/../../../../arm-none-eabi/lib/thumb/v7-m\libc.a(lib_a-mprec.o)
                0x00085b78                __lshift
 .text.__mcmp   0x00085c18       0x38 c:/program files (x86)/atmel/studio/7.0/toolchain/arm/arm-gnu-toolchain/bin/../lib/gcc/arm-none-eabi/6.3.1/../../../../arm-none-eabi/lib/thumb/v7-m\libc.a(lib_a-mprec.o)
                0x00085c18                __mcmp
 .text.__mdiff  0x00085c50      0x11c c:/program files (x86)/atmel/studio/7.0/toolchain/arm/arm-gnu-toolchain/bin/../lib/gcc/arm-none-eabi/6.3.1/../../../../arm-none-eabi/lib/thumb/v7-m\libc.a(lib_a-mprec.o)
                0x00085c50                __mdiff
 .text.__d2b    0x00085d6c       0xa8 c:/program files (x86)/atmel/studio/7.0/toolchain/arm/arm-gnu-toolchain/bin/../lib/gcc/arm-none-eabi/6.3.1/../../../../arm-none-eabi/lib/thumb/v7-m\libc.a(lib_a-mprec.o)
                0x00085d6c                __d2b
 .text._realloc_r
                0x00085e14      0x36c c:/program files (x86)/atmel/studio/7.0/toolchain/arm/arm-gnu-toolchain/bin/../lib/gcc/arm-none-eabi/6.3.1/../../../../arm-none-eabi/lib/thumb/v7-m\libc.a(lib_a-reallocr.o)
                0x00085e14                _realloc_r
 .text._sbrk_r  0x00086180       0x24 c:/program files (x86)/atmel/studio/7.0/toolchain/arm/arm-gnu-toolchain/bin/../lib/gcc/arm-none-eabi/6.3.1/../../../../arm-none-eabi/lib/thumb/v7-m\libc.a(lib_a-sbrkr.o)
                0x00086180                _sbrk_r
 .text.__ssprint_r
                0x000861a4       0xfc c:/program files (x86)/atmel/studio/7.0/toolchain/arm/arm-gnu-toolchain/bin/../lib/gcc/arm-none-eabi/6.3.1/../../../../arm-none-eabi/lib/thumb/v7-m\libc.a(lib_a-svfiprintf.o)
                0x000861a4                __ssprint_r
 .text.__ascii_wctomb
                0x000862a0       0x18 c:/program files (x86)/atmel/studio/7.0/toolchain/arm/arm-gnu-toolchain/bin/../lib/gcc/arm-none-eabi/6.3.1/../../../../arm-none-eabi/lib/thumb/v7-m\libc.a(lib_a-wctomb_r.o)
                0x000862a0                __ascii_wctomb
 .text.__register_exitproc
                0x000862b8       0xc4 c:/program files (x86)/atmel/studio/7.0/toolchain/arm/arm-gnu-toolchain/bin/../lib/gcc/arm-none-eabi/6.3.1/../../../../arm-none-eabi/lib/thumb/v7-m\libc.a(lib_a-__atexit.o)
                0x000862b8                __register_exitproc
 .text._calloc_r
                0x0008637c       0x60 c:/program files (x86)/atmel/studio/7.0/toolchain/arm/arm-gnu-toolchain/bin/../lib/gcc/arm-none-eabi/6.3.1/../../../../arm-none-eabi/lib/thumb/v7-m\libc.a(lib_a-callocr.o)
                0x0008637c                _calloc_r
 .text          0x000863dc      0x370 c:/program files (x86)/atmel/studio/7.0/toolchain/arm/arm-gnu-toolchain/bin/../lib/gcc/arm-none-eabi/6.3.1/thumb/v7-m\libgcc.a(_arm_addsubdf3.o)
                0x000863dc                __aeabi_drsub
                0x000863e4                __aeabi_dsub
                0x000863e4                __subdf3
                0x000863e8                __aeabi_dadd
                0x000863e8                __adddf3
                0x00086660                __floatunsidf
                0x00086660                __aeabi_ui2d
                0x00086680                __floatsidf
                0x00086680                __aeabi_i2d
                0x000866a4                __aeabi_f2d
                0x000866a4                __extendsfdf2
                0x000866e0                __floatundidf
                0x000866e0                __aeabi_ul2d
                0x000866f0                __floatdidf
                0x000866f0                __aeabi_l2d
 .text          0x0008674c      0x424 c:/program files (x86)/atmel/studio/7.0/toolchain/arm/arm-gnu-toolchain/bin/../lib/gcc/arm-none-eabi/6.3.1/thumb/v7-m\libgcc.a(_arm_muldivdf3.o)
                0x0008674c                __aeabi_dmul
                0x0008674c                __muldf3
                0x000869a0                __divdf3
                0x000869a0                __aeabi_ddiv
 .text          0x00086b70      0x110 c:/program files (x86)/atmel/studio/7.0/toolchain/arm/arm-gnu-toolchain/bin/../lib/gcc/arm-none-eabi/6.3.1/thumb/v7-m\libgcc.a(_arm_cmpdf2.o)
                0x00086b70                __gtdf2
                0x00086b70                __gedf2
                0x00086b78                __ltdf2
                0x00086b78                __ledf2
                0x00086b80                __nedf2
                0x00086b80                __eqdf2
                0x00086b80                __cmpdf2
                0x00086bfc                __aeabi_cdrcmple
                0x00086c0c                __aeabi_cdcmpeq
                0x00086c0c                __aeabi_cdcmple
                0x00086c1c                __aeabi_dcmpeq
                0x00086c30                __aeabi_dcmplt
                0x00086c44                __aeabi_dcmple
                0x00086c58                __aeabi_dcmpge
                0x00086c6c                __aeabi_dcmpgt
 .text          0x00086c80       0x2c c:/program files (x86)/atmel/studio/7.0/toolchain/arm/arm-gnu-toolchain/bin/../lib/gcc/arm-none-eabi/6.3.1/thumb/v7-m\libgcc.a(_arm_unorddf2.o)
                0x00086c80                __unorddf2
                0x00086c80                __aeabi_dcmpun
 .text          0x00086cac       0x50 c:/program files (x86)/atmel/studio/7.0/toolchain/arm/arm-gnu-toolchain/bin/../lib/gcc/arm-none-eabi/6.3.1/thumb/v7-m\libgcc.a(_arm_fixdfsi.o)
                0x00086cac                __aeabi_d2iz
                0x00086cac                __fixdfsi
 .text          0x00086cfc       0x30 c:/program files (x86)/atmel/studio/7.0/toolchain/arm/arm-gnu-toolchain/bin/../lib/gcc/arm-none-eabi/6.3.1/thumb/v7-m\libgcc.a(_aeabi_uldivmod.o)
                0x00086cfc                __aeabi_uldivmod
 .text          0x00086d2c      0x2dc c:/program files (x86)/atmel/studio/7.0/toolchain/arm/arm-gnu-toolchain/bin/../lib/gcc/arm-none-eabi/6.3.1/thumb/v7-m\libgcc.a(_udivmoddi4.o)
                0x00086d2c                __udivmoddi4
 .text          0x00087008        0x4 c:/program files (x86)/atmel/studio/7.0/toolchain/arm/arm-gnu-toolchain/bin/../lib/gcc/arm-none-eabi/6.3.1/thumb/v7-m\libgcc.a(_dvmd_tls.o)
                0x00087008                __aeabi_idiv0
                0x00087008                __aeabi_ldiv0
 *(.glue_7t)
 .glue_7t       0x0008700c        0x0 linker stubs
 *(.glue_7)
 .glue_7        0x0008700c        0x0 linker stubs
 *(.rodata .rodata* .gnu.linkonce.r.*)
 .rodata.ADC_Handler.str1.4
                0x0008700c        0xf src/main.o
 *fill*         0x0008701b        0x1 
 .rodata.main.str1.4
                0x0008701c       0x22 src/main.o
 *fill*         0x0008703e        0x2 
 .rodata._global_impure_ptr
                0x00087040        0x4 c:/program files (x86)/atmel/studio/7.0/toolchain/arm/arm-gnu-toolchain/bin/../lib/gcc/arm-none-eabi/6.3.1/../../../../arm-none-eabi/lib/thumb/v7-m\libc.a(lib_a-impure.o)
                0x00087040                _global_impure_ptr
 .rodata._svfprintf_r.str1.4
                0x00087044       0x42 c:/program files (x86)/atmel/studio/7.0/toolchain/arm/arm-gnu-toolchain/bin/../lib/gcc/arm-none-eabi/6.3.1/../../../../arm-none-eabi/lib/thumb/v7-m\libc.a(lib_a-svfprintf.o)
 *fill*         0x00087086        0x2 
 .rodata.blanks.7223
                0x00087088       0x10 c:/program files (x86)/atmel/studio/7.0/toolchain/arm/arm-gnu-toolchain/bin/../lib/gcc/arm-none-eabi/6.3.1/../../../../arm-none-eabi/lib/thumb/v7-m\libc.a(lib_a-svfprintf.o)
 .rodata.zeroes.7224
                0x00087098       0x10 c:/program files (x86)/atmel/studio/7.0/toolchain/arm/arm-gnu-toolchain/bin/../lib/gcc/arm-none-eabi/6.3.1/../../../../arm-none-eabi/lib/thumb/v7-m\libc.a(lib_a-svfprintf.o)
 .rodata._dtoa_r.str1.4
                0x000870a8       0x10 c:/program files (x86)/atmel/studio/7.0/toolchain/arm/arm-gnu-toolchain/bin/../lib/gcc/arm-none-eabi/6.3.1/../../../../arm-none-eabi/lib/thumb/v7-m\libc.a(lib_a-dtoa.o)
                                 0x12 (size before relaxing)
 .rodata._setlocale_r.str1.4
                0x000870b8        0xa c:/program files (x86)/atmel/studio/7.0/toolchain/arm/arm-gnu-toolchain/bin/../lib/gcc/arm-none-eabi/6.3.1/../../../../arm-none-eabi/lib/thumb/v7-m\libc.a(lib_a-locale.o)
                                  0xd (size before relaxing)
 *fill*         0x000870c2        0x2 
 .rodata.str1.4
                0x000870c4        0x4 c:/program files (x86)/atmel/studio/7.0/toolchain/arm/arm-gnu-toolchain/bin/../lib/gcc/arm-none-eabi/6.3.1/../../../../arm-none-eabi/lib/thumb/v7-m\libc.a(lib_a-locale.o)
                                  0x2 (size before relaxing)
 .rodata.__mprec_bigtens
                0x000870c8       0x28 c:/program files (x86)/atmel/studio/7.0/toolchain/arm/arm-gnu-toolchain/bin/../lib/gcc/arm-none-eabi/6.3.1/../../../../arm-none-eabi/lib/thumb/v7-m\libc.a(lib_a-mprec.o)
                0x000870c8                __mprec_bigtens
 .rodata.__mprec_tens
                0x000870f0       0xc8 c:/program files (x86)/atmel/studio/7.0/toolchain/arm/arm-gnu-toolchain/bin/../lib/gcc/arm-none-eabi/6.3.1/../../../../arm-none-eabi/lib/thumb/v7-m\libc.a(lib_a-mprec.o)
                0x000870f0                __mprec_tens
 .rodata.p05.6055
                0x000871b8        0xc c:/program files (x86)/atmel/studio/7.0/toolchain/arm/arm-gnu-toolchain/bin/../lib/gcc/arm-none-eabi/6.3.1/../../../../arm-none-eabi/lib/thumb/v7-m\libc.a(lib_a-mprec.o)
 .rodata._ctype_
                0x000871c4      0x101 c:/program files (x86)/atmel/studio/7.0/toolchain/arm/arm-gnu-toolchain/bin/../lib/gcc/arm-none-eabi/6.3.1/../../../../arm-none-eabi/lib/thumb/v7-m\libc.a(lib_a-ctype_.o)
                0x000871c4                _ctype_
 *(.ARM.extab* .gnu.linkonce.armextab.*)
                0x000872c8                . = ALIGN (0x4)
 *fill*         0x000872c5        0x3 
 *(.init)
 .init          0x000872c8        0x4 c:/program files (x86)/atmel/studio/7.0/toolchain/arm/arm-gnu-toolchain/bin/../lib/gcc/arm-none-eabi/6.3.1/thumb/v7-m/crti.o
                0x000872c8                _init
 .init          0x000872cc        0x8 c:/program files (x86)/atmel/studio/7.0/toolchain/arm/arm-gnu-toolchain/bin/../lib/gcc/arm-none-eabi/6.3.1/thumb/v7-m/crtn.o
                0x000872d4                . = ALIGN (0x4)
                0x000872d4                __preinit_array_start = .
 *(.preinit_array)
                0x000872d4                __preinit_array_end = .
                0x000872d4                . = ALIGN (0x4)
                0x000872d4                __init_array_start = .
 *(SORT(.init_array.*))
 .init_array.00000
                0x000872d4        0x4 c:/program files (x86)/atmel/studio/7.0/toolchain/arm/arm-gnu-toolchain/bin/../lib/gcc/arm-none-eabi/6.3.1/../../../../arm-none-eabi/lib/thumb/v7-m\libc.a(lib_a-__call_atexit.o)
 *(.init_array)
 .init_array    0x000872d8        0x4 c:/program files (x86)/atmel/studio/7.0/toolchain/arm/arm-gnu-toolchain/bin/../lib/gcc/arm-none-eabi/6.3.1/thumb/v7-m/crtbegin.o
                0x000872dc                __init_array_end = .
                0x000872dc                . = ALIGN (0x4)
 *crtbegin.o(.ctors)
 *(EXCLUDE_FILE(*crtend.o) .ctors)
 *(SORT(.ctors.*))
 *crtend.o(.ctors)
                0x000872dc                . = ALIGN (0x4)
 *(.fini)
 .fini          0x000872dc        0x4 c:/program files (x86)/atmel/studio/7.0/toolchain/arm/arm-gnu-toolchain/bin/../lib/gcc/arm-none-eabi/6.3.1/thumb/v7-m/crti.o
                0x000872dc                _fini
 .fini          0x000872e0        0x8 c:/program files (x86)/atmel/studio/7.0/toolchain/arm/arm-gnu-toolchain/bin/../lib/gcc/arm-none-eabi/6.3.1/thumb/v7-m/crtn.o
                0x000872e8                . = ALIGN (0x4)
                0x000872e8                __fini_array_start = .
 *(.fini_array)
 .fini_array    0x000872e8        0x4 c:/program files (x86)/atmel/studio/7.0/toolchain/arm/arm-gnu-toolchain/bin/../lib/gcc/arm-none-eabi/6.3.1/thumb/v7-m/crtbegin.o
 *(SORT(.fini_array.*))
                0x000872ec                __fini_array_end = .
 *crtbegin.o(.dtors)
 *(EXCLUDE_FILE(*crtend.o) .dtors)
 *(SORT(.dtors.*))
 *crtend.o(.dtors)
                0x000872ec                . = ALIGN (0x4)
                0x000872ec                _efixed = .
                [!provide]                PROVIDE (__exidx_start, .)

.vfp11_veneer   0x000872ec        0x0
 .vfp11_veneer  0x000872ec        0x0 linker stubs

.v4_bx          0x000872ec        0x0
 .v4_bx         0x000872ec        0x0 linker stubs

.iplt           0x000872ec        0x0
 .iplt          0x000872ec        0x0 c:/program files (x86)/atmel/studio/7.0/toolchain/arm/arm-gnu-toolchain/bin/../lib/gcc/arm-none-eabi/6.3.1/thumb/v7-m/crtbegin.o

.ARM.exidx      0x000872ec        0x8
 *(.ARM.exidx* .gnu.linkonce.armexidx.*)
 .ARM.exidx     0x000872ec        0x8 c:/program files (x86)/atmel/studio/7.0/toolchain/arm/arm-gnu-toolchain/bin/../lib/gcc/arm-none-eabi/6.3.1/thumb/v7-m\libgcc.a(_udivmoddi4.o)
                [!provide]                PROVIDE (__exidx_end, .)

.eh_frame       0x000872f4        0x0
 .eh_frame      0x000872f4        0x0 c:/program files (x86)/atmel/studio/7.0/toolchain/arm/arm-gnu-toolchain/bin/../lib/gcc/arm-none-eabi/6.3.1/thumb/v7-m/crtbegin.o

.rel.dyn        0x000872f4        0x0
 .rel.iplt      0x000872f4        0x0 c:/program files (x86)/atmel/studio/7.0/toolchain/arm/arm-gnu-toolchain/bin/../lib/gcc/arm-none-eabi/6.3.1/thumb/v7-m/crtbegin.o

.jcr            0x000872f4        0x0
 .jcr           0x000872f4        0x0 c:/program files (x86)/atmel/studio/7.0/toolchain/arm/arm-gnu-toolchain/bin/../lib/gcc/arm-none-eabi/6.3.1/thumb/v7-m/crtbegin.o

.igot.plt       0x000872f4        0x0
 .igot.plt      0x000872f4        0x0 c:/program files (x86)/atmel/studio/7.0/toolchain/arm/arm-gnu-toolchain/bin/../lib/gcc/arm-none-eabi/6.3.1/thumb/v7-m/crtbegin.o
                0x000872f4                . = ALIGN (0x4)
                0x000872f4                _etext = .

.relocate       0x20070000      0xb90 load address 0x000872f4
                0x20070000                . = ALIGN (0x4)
                0x20070000                _srelocate = .
 *(.ramfunc .ramfunc.*)
 .ramfunc       0x20070000        0xa src/ASF/common/services/delay/sam/cycle_counter.o
                0x20070000                portable_delay_cycles
 *fill*         0x2007000a        0x2 
 .ramfunc       0x2007000c      0x12c src/ASF/sam/utils/cmsis/sam3x/source/templates/system_sam3x.o
                0x2007000c                SystemInit
                0x200700b0                system_init_flash
 *(.data .data.*)
 .data.udi_api_cdc_comm
                0x20070138       0x14 src/ASF/common/services/usb/class/cdc/device/udi_cdc.o
                0x20070138                udi_api_cdc_comm
 .data.udi_api_cdc_data
                0x2007014c       0x14 src/ASF/common/services/usb/class/cdc/device/udi_cdc.o
                0x2007014c                udi_api_cdc_data
 .data.udc_string_desc_languageid
                0x20070160        0x4 src/ASF/common/services/usb/udc/udc.o
 .data.udc_config
                0x20070164        0xc src/ASF/common/services/usb/class/cdc/device/udi_cdc_desc.o
                0x20070164                udc_config
 .data.udc_config_fs
                0x20070170        0x8 src/ASF/common/services/usb/class/cdc/device/udi_cdc_desc.o
                0x20070170                udc_config_fs
 .data.udc_desc_fs
                0x20070178       0x43 src/ASF/common/services/usb/class/cdc/device/udi_cdc_desc.o
                0x20070178                udc_desc_fs
 *fill*         0x200701bb        0x1 
 .data.udc_device_desc
                0x200701bc       0x12 src/ASF/common/services/usb/class/cdc/device/udi_cdc_desc.o
                0x200701bc                udc_device_desc
 *fill*         0x200701ce        0x2 
 .data.udi_apis
                0x200701d0        0x8 src/ASF/common/services/usb/class/cdc/device/udi_cdc_desc.o
                0x200701d0                udi_apis
 .data.g_interrupt_enabled
                0x200701d8        0x1 src/ASF/common/utils/interrupt/interrupt_sam_nvic.o
                0x200701d8                g_interrupt_enabled
 *fill*         0x200701d9        0x3 
 .data.SystemCoreClock
                0x200701dc        0x4 src/ASF/sam/utils/cmsis/sam3x/source/templates/system_sam3x.o
                0x200701dc                SystemCoreClock
 .data._impure_ptr
                0x200701e0        0x4 c:/program files (x86)/atmel/studio/7.0/toolchain/arm/arm-gnu-toolchain/bin/../lib/gcc/arm-none-eabi/6.3.1/../../../../arm-none-eabi/lib/thumb/v7-m\libc.a(lib_a-impure.o)
                0x200701e0                _impure_ptr
 *fill*         0x200701e4        0x4 
 .data.impure_data
                0x200701e8      0x428 c:/program files (x86)/atmel/studio/7.0/toolchain/arm/arm-gnu-toolchain/bin/../lib/gcc/arm-none-eabi/6.3.1/../../../../arm-none-eabi/lib/thumb/v7-m\libc.a(lib_a-impure.o)
 .data.__atexit_recursive_mutex
                0x20070610        0x4 c:/program files (x86)/atmel/studio/7.0/toolchain/arm/arm-gnu-toolchain/bin/../lib/gcc/arm-none-eabi/6.3.1/../../../../arm-none-eabi/lib/thumb/v7-m\libc.a(lib_a-__call_atexit.o)
                0x20070610                __atexit_recursive_mutex
 .data.__global_locale
                0x20070614      0x16c c:/program files (x86)/atmel/studio/7.0/toolchain/arm/arm-gnu-toolchain/bin/../lib/gcc/arm-none-eabi/6.3.1/../../../../arm-none-eabi/lib/thumb/v7-m\libc.a(lib_a-locale.o)
                0x20070614                __global_locale
 .data.__malloc_av_
                0x20070780      0x408 c:/program files (x86)/atmel/studio/7.0/toolchain/arm/arm-gnu-toolchain/bin/../lib/gcc/arm-none-eabi/6.3.1/../../../../arm-none-eabi/lib/thumb/v7-m\libc.a(lib_a-mallocr.o)
                0x20070780                __malloc_av_
 .data.__malloc_sbrk_base
                0x20070b88        0x4 c:/program files (x86)/atmel/studio/7.0/toolchain/arm/arm-gnu-toolchain/bin/../lib/gcc/arm-none-eabi/6.3.1/../../../../arm-none-eabi/lib/thumb/v7-m\libc.a(lib_a-mallocr.o)
                0x20070b88                __malloc_sbrk_base
 .data.__malloc_trim_threshold
                0x20070b8c        0x4 c:/program files (x86)/atmel/studio/7.0/toolchain/arm/arm-gnu-toolchain/bin/../lib/gcc/arm-none-eabi/6.3.1/../../../../arm-none-eabi/lib/thumb/v7-m\libc.a(lib_a-mallocr.o)
                0x20070b8c                __malloc_trim_threshold
                0x20070b90                . = ALIGN (0x4)
                0x20070b90                _erelocate = .

.bss            0x20070b90      0x2bc load address 0x00087e84
                0x20070b90                . = ALIGN (0x4)
                0x20070b90                _sbss = .
                0x20070b90                _szero = .
 *(.bss .bss.*)
 .bss           0x20070b90       0x1c c:/program files (x86)/atmel/studio/7.0/toolchain/arm/arm-gnu-toolchain/bin/../lib/gcc/arm-none-eabi/6.3.1/thumb/v7-m/crtbegin.o
 .bss.sof_zlp_counter.7960
                0x20070bac        0x2 src/ASF/common/services/usb/class/cdc/device/udi_cdc.o
 .bss.udi_cdc_data_running
                0x20070bae        0x1 src/ASF/common/services/usb/class/cdc/device/udi_cdc.o
 *fill*         0x20070baf        0x1 
 .bss.udi_cdc_line_coding
                0x20070bb0        0x7 src/ASF/common/services/usb/class/cdc/device/udi_cdc.o
 .bss.udi_cdc_nb_comm_enabled
                0x20070bb7        0x1 src/ASF/common/services/usb/class/cdc/device/udi_cdc.o
 .bss.udi_cdc_nb_data_enabled
                0x20070bb8        0x1 src/ASF/common/services/usb/class/cdc/device/udi_cdc.o
 *fill*         0x20070bb9        0x3 
 .bss.udi_cdc_rx_buf
                0x20070bbc       0x80 src/ASF/common/services/usb/class/cdc/device/udi_cdc.o
 .bss.udi_cdc_rx_buf_nb
                0x20070c3c        0x4 src/ASF/common/services/usb/class/cdc/device/udi_cdc.o
 .bss.udi_cdc_rx_buf_sel
                0x20070c40        0x1 src/ASF/common/services/usb/class/cdc/device/udi_cdc.o
 *fill*         0x20070c41        0x3 
 .bss.udi_cdc_rx_pos
                0x20070c44        0x2 src/ASF/common/services/usb/class/cdc/device/udi_cdc.o
 *fill*         0x20070c46        0x2 
 .bss.udi_cdc_rx_trans_ongoing
                0x20070c48        0x1 src/ASF/common/services/usb/class/cdc/device/udi_cdc.o
 *fill*         0x20070c49        0x3 
 .bss.udi_cdc_state
                0x20070c4c        0x2 src/ASF/common/services/usb/class/cdc/device/udi_cdc.o
 *fill*         0x20070c4e        0x2 
 .bss.udi_cdc_tx_both_buf_to_send
                0x20070c50        0x1 src/ASF/common/services/usb/class/cdc/device/udi_cdc.o
 *fill*         0x20070c51        0x3 
 .bss.udi_cdc_tx_buf
                0x20070c54       0x80 src/ASF/common/services/usb/class/cdc/device/udi_cdc.o
 .bss.udi_cdc_tx_buf_nb
                0x20070cd4        0x4 src/ASF/common/services/usb/class/cdc/device/udi_cdc.o
 .bss.udi_cdc_tx_buf_sel
                0x20070cd8        0x1 src/ASF/common/services/usb/class/cdc/device/udi_cdc.o
 *fill*         0x20070cd9        0x3 
 .bss.udi_cdc_tx_sof_num
                0x20070cdc        0x2 src/ASF/common/services/usb/class/cdc/device/udi_cdc.o
 *fill*         0x20070cde        0x2 
 .bss.udi_cdc_tx_trans_ongoing
                0x20070ce0        0x1 src/ASF/common/services/usb/class/cdc/device/udi_cdc.o
 *fill*         0x20070ce1        0x3 
 .bss.uid_cdc_state_msg
                0x20070ce4        0xa src/ASF/common/services/usb/class/cdc/device/udi_cdc.o
 .bss.udc_device_status
                0x20070cee        0x2 src/ASF/common/services/usb/udc/udc.o
 .bss.udc_ep_status.7601
                0x20070cf0        0x2 src/ASF/common/services/usb/udc/udc.o
 *fill*         0x20070cf2        0x2 
 .bss.udc_iface_setting
                0x20070cf4        0x1 src/ASF/common/services/usb/udc/udc.o
 *fill*         0x20070cf5        0x3 
 .bss.udc_num_configuration
                0x20070cf8        0x1 src/ASF/common/services/usb/udc/udc.o
 *fill*         0x20070cf9        0x3 
 .bss.udc_ptr_conf
                0x20070cfc        0x4 src/ASF/common/services/usb/udc/udc.o
 .bss.udc_ptr_iface
                0x20070d00        0x4 src/ASF/common/services/usb/udc/udc.o
 .bss.b_shortpacket.8306
                0x20070d04        0x1 src/ASF/sam/drivers/uotghs/uotghs_device.o
 .bss.udd_b_idle
                0x20070d05        0x1 src/ASF/sam/drivers/uotghs/uotghs_device.o
 .bss.udd_b_sleep_initialized
                0x20070d06        0x1 src/ASF/sam/drivers/uotghs/uotghs_device.o
 *fill*         0x20070d07        0x1 
 .bss.udd_ctrl_payload_buf_cnt
                0x20070d08        0x2 src/ASF/sam/drivers/uotghs/uotghs_device.o
 .bss.udd_ctrl_prev_payload_buf_cnt
                0x20070d0a        0x2 src/ASF/sam/drivers/uotghs/uotghs_device.o
 .bss.udd_ep_control_state
                0x20070d0c        0x1 src/ASF/sam/drivers/uotghs/uotghs_device.o
 *fill*         0x20070d0d        0x3 
 .bss.udd_ep_job
                0x20070d10       0x48 src/ASF/sam/drivers/uotghs/uotghs_device.o
 .bss.gs_interrupt_sources
                0x20070d58       0x70 src/ASF/sam/drivers/pio/pio_handler.o
 .bss.b_is_sleep_clock_used
                0x20070dc8        0x1 src/ASF/sam/drivers/pmc/sleep.o
 *fill*         0x20070dc9        0x3 
 .bss.heap.5297
                0x20070dcc        0x4 src/ASF/sam/utils/syscalls/gcc/syscalls.o
 .bss.__malloc_current_mallinfo
                0x20070dd0       0x28 c:/program files (x86)/atmel/studio/7.0/toolchain/arm/arm-gnu-toolchain/bin/../lib/gcc/arm-none-eabi/6.3.1/../../../../arm-none-eabi/lib/thumb/v7-m\libc.a(lib_a-mallocr.o)
                0x20070dd0                __malloc_current_mallinfo
 .bss.__malloc_max_sbrked_mem
                0x20070df8        0x4 c:/program files (x86)/atmel/studio/7.0/toolchain/arm/arm-gnu-toolchain/bin/../lib/gcc/arm-none-eabi/6.3.1/../../../../arm-none-eabi/lib/thumb/v7-m\libc.a(lib_a-mallocr.o)
                0x20070df8                __malloc_max_sbrked_mem
 .bss.__malloc_max_total_mem
                0x20070dfc        0x4 c:/program files (x86)/atmel/studio/7.0/toolchain/arm/arm-gnu-toolchain/bin/../lib/gcc/arm-none-eabi/6.3.1/../../../../arm-none-eabi/lib/thumb/v7-m\libc.a(lib_a-mallocr.o)
                0x20070dfc                __malloc_max_total_mem
 .bss.__malloc_top_pad
                0x20070e00        0x4 c:/program files (x86)/atmel/studio/7.0/toolchain/arm/arm-gnu-toolchain/bin/../lib/gcc/arm-none-eabi/6.3.1/../../../../arm-none-eabi/lib/thumb/v7-m\libc.a(lib_a-mallocr.o)
                0x20070e00                __malloc_top_pad
 *(COMMON)
 COMMON         0x20070e04        0x6 src/ASF/common/services/sleepmgr/sam/sleepmgr.o
                0x20070e04                sleepmgr_locks
 *fill*         0x20070e0a        0x2 
 COMMON         0x20070e0c       0x18 src/ASF/sam/drivers/uotghs/uotghs_device.o
                0x20070e0c                udd_g_ctrlreq
 COMMON         0x20070e24       0x21 c:/program files (x86)/atmel/studio/7.0/toolchain/arm/arm-gnu-toolchain/bin/../lib/gcc/arm-none-eabi/6.3.1/../../../../arm-none-eabi/lib/thumb/v7-m\libc.a(lib_a-lock.o)
                0x20070e24                __lock___atexit_recursive_mutex
                0x20070e28                __lock___arc4random_mutex
                0x20070e2c                __lock___env_recursive_mutex
                0x20070e30                __lock___sinit_recursive_mutex
                0x20070e34                __lock___malloc_recursive_mutex
                0x20070e38                __lock___at_quick_exit_mutex
                0x20070e3c                __lock___dd_hash_mutex
                0x20070e40                __lock___tz_mutex
                0x20070e44                __lock___sfp_recursive_mutex
 *fill*         0x20070e45        0x3 
 COMMON         0x20070e48        0x4 c:/program files (x86)/atmel/studio/7.0/toolchain/arm/arm-gnu-toolchain/bin/../lib/gcc/arm-none-eabi/6.3.1/../../../../arm-none-eabi/lib/thumb/v7-m\libc.a(lib_a-reent.o)
                0x20070e48                errno
                0x20070e4c                . = ALIGN (0x4)
                0x20070e4c                _ebss = .
                0x20070e4c                _ezero = .

.stack          0x20070e4c     0x2004 load address 0x00088140
                0x20070e50                . = ALIGN (0x8)
 *fill*         0x20070e4c        0x4 
                0x20070e50                _sstack = .
                0x20072e50                . = (. + __stack_size__)
 *fill*         0x20070e50     0x2000 
                0x20072e50                . = ALIGN (0x8)
                0x20072e50                _estack = .
                0x20072e50                . = ALIGN (0x4)
                0x20072e50                _end = .
OUTPUT(GccApplication1.elf elf32-littlearm)

.ARM.attributes
                0x00000000       0x29
 .ARM.attributes
                0x00000000       0x1d c:/program files (x86)/atmel/studio/7.0/toolchain/arm/arm-gnu-toolchain/bin/../lib/gcc/arm-none-eabi/6.3.1/thumb/v7-m/crti.o
 .ARM.attributes
                0x0000001d       0x2d c:/program files (x86)/atmel/studio/7.0/toolchain/arm/arm-gnu-toolchain/bin/../lib/gcc/arm-none-eabi/6.3.1/thumb/v7-m/crtbegin.o
 .ARM.attributes
                0x0000004a       0x33 src/ASF/common/services/sleepmgr/sam/sleepmgr.o
 .ARM.attributes
                0x0000007d       0x33 src/ASF/common/services/usb/class/cdc/device/udi_cdc.o
 .ARM.attributes
                0x000000b0       0x33 src/ASF/common/services/usb/udc/udc.o
 .ARM.attributes
                0x000000e3       0x33 src/ASF/sam/drivers/adc/adc.o
 .ARM.attributes
                0x00000116       0x33 src/ASF/sam/drivers/tc/tc.o
 .ARM.attributes
                0x00000149       0x33 src/ASF/sam/drivers/uotghs/uotghs_device.o
 .ARM.attributes
                0x0000017c       0x33 src/ASF/common/services/usb/class/cdc/device/udi_cdc_desc.o
 .ARM.attributes
                0x000001af       0x33 src/ASF/common/services/delay/sam/cycle_counter.o
 .ARM.attributes
                0x000001e2       0x33 src/ASF/common/services/clock/sam3x/sysclk.o
 .ARM.attributes
                0x00000215       0x33 src/ASF/common/utils/interrupt/interrupt_sam_nvic.o
 .ARM.attributes
                0x00000248       0x33 src/ASF/sam/boards/arduino_due_x/init.o
 .ARM.attributes
                0x0000027b       0x33 src/ASF/sam/drivers/pio/pio.o
 .ARM.attributes
                0x000002ae       0x33 src/ASF/sam/drivers/pio/pio_handler.o
 .ARM.attributes
                0x000002e1       0x33 src/ASF/sam/drivers/pmc/pmc.o
 .ARM.attributes
                0x00000314       0x33 src/ASF/sam/drivers/pmc/sleep.o
 .ARM.attributes
                0x00000347       0x33 src/ASF/sam/utils/cmsis/sam3x/source/templates/exceptions.o
 .ARM.attributes
                0x0000037a       0x33 src/ASF/sam/utils/cmsis/sam3x/source/templates/gcc/startup_sam3x.o
 .ARM.attributes
                0x000003ad       0x33 src/ASF/sam/utils/cmsis/sam3x/source/templates/system_sam3x.o
 .ARM.attributes
                0x000003e0       0x33 src/ASF/sam/utils/syscalls/gcc/syscalls.o
 .ARM.attributes
                0x00000413       0x33 src/main.o
 .ARM.attributes
                0x00000446       0x2d c:/program files (x86)/atmel/studio/7.0/toolchain/arm/arm-gnu-toolchain/bin/../lib/gcc/arm-none-eabi/6.3.1/../../../../arm-none-eabi/lib/thumb/v7-m\libc.a(lib_a-impure.o)
 .ARM.attributes
                0x00000473       0x2d c:/program files (x86)/atmel/studio/7.0/toolchain/arm/arm-gnu-toolchain/bin/../lib/gcc/arm-none-eabi/6.3.1/../../../../arm-none-eabi/lib/thumb/v7-m\libc.a(lib_a-init.o)
 .ARM.attributes
                0x000004a0       0x1b c:/program files (x86)/atmel/studio/7.0/toolchain/arm/arm-gnu-toolchain/bin/../lib/gcc/arm-none-eabi/6.3.1/../../../../arm-none-eabi/lib/thumb/v7-m\libc.a(lib_a-memcpy.o)
 .ARM.attributes
                0x000004bb       0x2d c:/program files (x86)/atmel/studio/7.0/toolchain/arm/arm-gnu-toolchain/bin/../lib/gcc/arm-none-eabi/6.3.1/../../../../arm-none-eabi/lib/thumb/v7-m\libc.a(lib_a-memset.o)
 .ARM.attributes
                0x000004e8       0x2d c:/program files (x86)/atmel/studio/7.0/toolchain/arm/arm-gnu-toolchain/bin/../lib/gcc/arm-none-eabi/6.3.1/../../../../arm-none-eabi/lib/thumb/v7-m\libc.a(lib_a-snprintf.o)
 .ARM.attributes
                0x00000515       0x2d c:/program files (x86)/atmel/studio/7.0/toolchain/arm/arm-gnu-toolchain/bin/../lib/gcc/arm-none-eabi/6.3.1/../../../../arm-none-eabi/lib/thumb/v7-m\libc.a(lib_a-strlen-stub.o)
 .ARM.attributes
                0x00000542       0x2d c:/program files (x86)/atmel/studio/7.0/toolchain/arm/arm-gnu-toolchain/bin/../lib/gcc/arm-none-eabi/6.3.1/../../../../arm-none-eabi/lib/thumb/v7-m\libc.a(lib_a-svfprintf.o)
 .ARM.attributes
                0x0000056f       0x2d c:/program files (x86)/atmel/studio/7.0/toolchain/arm/arm-gnu-toolchain/bin/../lib/gcc/arm-none-eabi/6.3.1/../../../../arm-none-eabi/lib/thumb/v7-m\libc.a(lib_a-__call_atexit.o)
 .ARM.attributes
                0x0000059c       0x2d c:/program files (x86)/atmel/studio/7.0/toolchain/arm/arm-gnu-toolchain/bin/../lib/gcc/arm-none-eabi/6.3.1/../../../../arm-none-eabi/lib/thumb/v7-m\libc.a(lib_a-atexit.o)
 .ARM.attributes
                0x000005c9       0x2d c:/program files (x86)/atmel/studio/7.0/toolchain/arm/arm-gnu-toolchain/bin/../lib/gcc/arm-none-eabi/6.3.1/../../../../arm-none-eabi/lib/thumb/v7-m\libc.a(lib_a-dtoa.o)
 .ARM.attributes
                0x000005f6       0x2d c:/program files (x86)/atmel/studio/7.0/toolchain/arm/arm-gnu-toolchain/bin/../lib/gcc/arm-none-eabi/6.3.1/../../../../arm-none-eabi/lib/thumb/v7-m\libc.a(lib_a-fini.o)
 .ARM.attributes
                0x00000623       0x2d c:/program files (x86)/atmel/studio/7.0/toolchain/arm/arm-gnu-toolchain/bin/../lib/gcc/arm-none-eabi/6.3.1/../../../../arm-none-eabi/lib/thumb/v7-m\libc.a(lib_a-freer.o)
 .ARM.attributes
                0x00000650       0x2d c:/program files (x86)/atmel/studio/7.0/toolchain/arm/arm-gnu-toolchain/bin/../lib/gcc/arm-none-eabi/6.3.1/../../../../arm-none-eabi/lib/thumb/v7-m\libc.a(lib_a-locale.o)
 .ARM.attributes
                0x0000067d       0x2d c:/program files (x86)/atmel/studio/7.0/toolchain/arm/arm-gnu-toolchain/bin/../lib/gcc/arm-none-eabi/6.3.1/../../../../arm-none-eabi/lib/thumb/v7-m\libc.a(lib_a-localeconv.o)
 .ARM.attributes
                0x000006aa       0x2d c:/program files (x86)/atmel/studio/7.0/toolchain/arm/arm-gnu-toolchain/bin/../lib/gcc/arm-none-eabi/6.3.1/../../../../arm-none-eabi/lib/thumb/v7-m\libc.a(lib_a-lock.o)
 .ARM.attributes
                0x000006d7       0x2d c:/program files (x86)/atmel/studio/7.0/toolchain/arm/arm-gnu-toolchain/bin/../lib/gcc/arm-none-eabi/6.3.1/../../../../arm-none-eabi/lib/thumb/v7-m\libc.a(lib_a-mallocr.o)
 .ARM.attributes
                0x00000704       0x2d c:/program files (x86)/atmel/studio/7.0/toolchain/arm/arm-gnu-toolchain/bin/../lib/gcc/arm-none-eabi/6.3.1/../../../../arm-none-eabi/lib/thumb/v7-m\libc.a(lib_a-mbtowc_r.o)
 .ARM.attributes
                0x00000731       0x2d c:/program files (x86)/atmel/studio/7.0/toolchain/arm/arm-gnu-toolchain/bin/../lib/gcc/arm-none-eabi/6.3.1/../../../../arm-none-eabi/lib/thumb/v7-m\libc.a(lib_a-memchr-stub.o)
 .ARM.attributes
                0x0000075e       0x2d c:/program files (x86)/atmel/studio/7.0/toolchain/arm/arm-gnu-toolchain/bin/../lib/gcc/arm-none-eabi/6.3.1/../../../../arm-none-eabi/lib/thumb/v7-m\libc.a(lib_a-memmove.o)
 .ARM.attributes
                0x0000078b       0x2d c:/program files (x86)/atmel/studio/7.0/toolchain/arm/arm-gnu-toolchain/bin/../lib/gcc/arm-none-eabi/6.3.1/../../../../arm-none-eabi/lib/thumb/v7-m\libc.a(lib_a-mlock.o)
 .ARM.attributes
                0x000007b8       0x2d c:/program files (x86)/atmel/studio/7.0/toolchain/arm/arm-gnu-toolchain/bin/../lib/gcc/arm-none-eabi/6.3.1/../../../../arm-none-eabi/lib/thumb/v7-m\libc.a(lib_a-mprec.o)
 .ARM.attributes
                0x000007e5       0x2d c:/program files (x86)/atmel/studio/7.0/toolchain/arm/arm-gnu-toolchain/bin/../lib/gcc/arm-none-eabi/6.3.1/../../../../arm-none-eabi/lib/thumb/v7-m\libc.a(lib_a-reallocr.o)
 .ARM.attributes
                0x00000812       0x2d c:/program files (x86)/atmel/studio/7.0/toolchain/arm/arm-gnu-toolchain/bin/../lib/gcc/arm-none-eabi/6.3.1/../../../../arm-none-eabi/lib/thumb/v7-m\libc.a(lib_a-sbrkr.o)
 .ARM.attributes
                0x0000083f       0x2d c:/program files (x86)/atmel/studio/7.0/toolchain/arm/arm-gnu-toolchain/bin/../lib/gcc/arm-none-eabi/6.3.1/../../../../arm-none-eabi/lib/thumb/v7-m\libc.a(lib_a-svfiprintf.o)
 .ARM.attributes
                0x0000086c       0x2d c:/program files (x86)/atmel/studio/7.0/toolchain/arm/arm-gnu-toolchain/bin/../lib/gcc/arm-none-eabi/6.3.1/../../../../arm-none-eabi/lib/thumb/v7-m\libc.a(lib_a-wctomb_r.o)
 .ARM.attributes
                0x00000899       0x2d c:/program files (x86)/atmel/studio/7.0/toolchain/arm/arm-gnu-toolchain/bin/../lib/gcc/arm-none-eabi/6.3.1/../../../../arm-none-eabi/lib/thumb/v7-m\libc.a(lib_a-__atexit.o)
 .ARM.attributes
                0x000008c6       0x2d c:/program files (x86)/atmel/studio/7.0/toolchain/arm/arm-gnu-toolchain/bin/../lib/gcc/arm-none-eabi/6.3.1/../../../../arm-none-eabi/lib/thumb/v7-m\libc.a(lib_a-callocr.o)
 .ARM.attributes
                0x000008f3       0x2d c:/program files (x86)/atmel/studio/7.0/toolchain/arm/arm-gnu-toolchain/bin/../lib/gcc/arm-none-eabi/6.3.1/../../../../arm-none-eabi/lib/thumb/v7-m\libc.a(lib_a-ctype_.o)
 .ARM.attributes
                0x00000920       0x2d c:/program files (x86)/atmel/studio/7.0/toolchain/arm/arm-gnu-toolchain/bin/../lib/gcc/arm-none-eabi/6.3.1/../../../../arm-none-eabi/lib/thumb/v7-m\libc.a(lib_a-reent.o)
 .ARM.attributes
                0x0000094d       0x1d c:/program files (x86)/atmel/studio/7.0/toolchain/arm/arm-gnu-toolchain/bin/../lib/gcc/arm-none-eabi/6.3.1/thumb/v7-m\libgcc.a(_arm_addsubdf3.o)
 .ARM.attributes
                0x0000096a       0x1d c:/program files (x86)/atmel/studio/7.0/toolchain/arm/arm-gnu-toolchain/bin/../lib/gcc/arm-none-eabi/6.3.1/thumb/v7-m\libgcc.a(_arm_muldivdf3.o)
 .ARM.attributes
                0x00000987       0x1d c:/program files (x86)/atmel/studio/7.0/toolchain/arm/arm-gnu-toolchain/bin/../lib/gcc/arm-none-eabi/6.3.1/thumb/v7-m\libgcc.a(_arm_cmpdf2.o)
 .ARM.attributes
                0x000009a4       0x1d c:/program files (x86)/atmel/studio/7.0/toolchain/arm/arm-gnu-toolchain/bin/../lib/gcc/arm-none-eabi/6.3.1/thumb/v7-m\libgcc.a(_arm_unorddf2.o)
 .ARM.attributes
                0x000009c1       0x1d c:/program files (x86)/atmel/studio/7.0/toolchain/arm/arm-gnu-toolchain/bin/../lib/gcc/arm-none-eabi/6.3.1/thumb/v7-m\libgcc.a(_arm_fixdfsi.o)
 .ARM.attributes
                0x000009de       0x1d c:/program files (x86)/atmel/studio/7.0/toolchain/arm/arm-gnu-toolchain/bin/../lib/gcc/arm-none-eabi/6.3.1/thumb/v7-m\libgcc.a(_aeabi_uldivmod.o)
 .ARM.attributes
                0x000009fb       0x2d c:/program files (x86)/atmel/studio/7.0/toolchain/arm/arm-gnu-toolchain/bin/../lib/gcc/arm-none-eabi/6.3.1/thumb/v7-m\libgcc.a(_udivmoddi4.o)
 .ARM.attributes
                0x00000a28       0x1d c:/program files (x86)/atmel/studio/7.0/toolchain/arm/arm-gnu-toolchain/bin/../lib/gcc/arm-none-eabi/6.3.1/thumb/v7-m\libgcc.a(_dvmd_tls.o)
 .ARM.attributes
                0x00000a45       0x1d c:/program files (x86)/atmel/studio/7.0/toolchain/arm/arm-gnu-toolchain/bin/../lib/gcc/arm-none-eabi/6.3.1/thumb/v7-m/crtn.o

.comment        0x00000000       0x59
 .comment       0x00000000       0x59 src/ASF/common/services/sleepmgr/sam/sleepmgr.o
                                 0x5a (size before relaxing)
 .comment       0x00000059       0x5a src/ASF/common/services/usb/class/cdc/device/udi_cdc.o
 .comment       0x00000059       0x5a src/ASF/common/services/usb/udc/udc.o
 .comment       0x00000059       0x5a src/ASF/sam/drivers/adc/adc.o
 .comment       0x00000059       0x5a src/ASF/sam/drivers/tc/tc.o
 .comment       0x00000059       0x5a src/ASF/sam/drivers/uotghs/uotghs_device.o
 .comment       0x00000059       0x5a src/ASF/common/services/usb/class/cdc/device/udi_cdc_desc.o
 .comment       0x00000059       0x5a src/ASF/common/services/delay/sam/cycle_counter.o
 .comment       0x00000059       0x5a src/ASF/common/services/clock/sam3x/sysclk.o
 .comment       0x00000059       0x5a src/ASF/common/utils/interrupt/interrupt_sam_nvic.o
 .comment       0x00000059       0x5a src/ASF/sam/boards/arduino_due_x/init.o
 .comment       0x00000059       0x5a src/ASF/sam/drivers/pio/pio.o
 .comment       0x00000059       0x5a src/ASF/sam/drivers/pio/pio_handler.o
 .comment       0x00000059       0x5a src/ASF/sam/drivers/pmc/pmc.o
 .comment       0x00000059       0x5a src/ASF/sam/drivers/pmc/sleep.o
 .comment       0x00000059       0x5a src/ASF/sam/utils/cmsis/sam3x/source/templates/exceptions.o
 .comment       0x00000059       0x5a src/ASF/sam/utils/cmsis/sam3x/source/templates/gcc/startup_sam3x.o
 .comment       0x00000059       0x5a src/ASF/sam/utils/cmsis/sam3x/source/templates/system_sam3x.o
 .comment       0x00000059       0x5a src/ASF/sam/utils/syscalls/gcc/syscalls.o
 .comment       0x00000059       0x5a src/main.o

.debug_info     0x00000000    0x1a5ef
 .debug_info    0x00000000      0xa8e src/ASF/common/services/sleepmgr/sam/sleepmgr.o
 .debug_info    0x00000a8e     0x28fc src/ASF/common/services/usb/class/cdc/device/udi_cdc.o
 .debug_info    0x0000338a     0x1a0f src/ASF/common/services/usb/udc/udc.o
 .debug_info    0x00004d99     0x1ad6 src/ASF/sam/drivers/adc/adc.o
 .debug_info    0x0000686f     0x123c src/ASF/sam/drivers/tc/tc.o
 .debug_info    0x00007aab     0x37db src/ASF/sam/drivers/uotghs/uotghs_device.o
 .debug_info    0x0000b286     0x124a src/ASF/common/services/usb/class/cdc/device/udi_cdc_desc.o
 .debug_info    0x0000c4d0      0xa45 src/ASF/common/services/delay/sam/cycle_counter.o
 .debug_info    0x0000cf15     0x1187 src/ASF/common/services/clock/sam3x/sysclk.o
 .debug_info    0x0000e09c      0xaff src/ASF/common/utils/interrupt/interrupt_sam_nvic.o
 .debug_info    0x0000eb9b     0x1064 src/ASF/sam/boards/arduino_due_x/init.o
 .debug_info    0x0000fbff     0x1c40 src/ASF/sam/drivers/pio/pio.o
 .debug_info    0x0001183f     0x17c6 src/ASF/sam/drivers/pio/pio_handler.o
 .debug_info    0x00013005     0x19b0 src/ASF/sam/drivers/pmc/pmc.o
 .debug_info    0x000149b5     0x1300 src/ASF/sam/drivers/pmc/sleep.o
 .debug_info    0x00015cb5      0x10d src/ASF/sam/utils/cmsis/sam3x/source/templates/exceptions.o
 .debug_info    0x00015dc2      0xd16 src/ASF/sam/utils/cmsis/sam3x/source/templates/gcc/startup_sam3x.o
 .debug_info    0x00016ad8      0xd9c src/ASF/sam/utils/cmsis/sam3x/source/templates/system_sam3x.o
 .debug_info    0x00017874      0xdb0 src/ASF/sam/utils/syscalls/gcc/syscalls.o
 .debug_info    0x00018624     0x1fcb src/main.o

.debug_abbrev   0x00000000     0x38ea
 .debug_abbrev  0x00000000      0x1b2 src/ASF/common/services/sleepmgr/sam/sleepmgr.o
 .debug_abbrev  0x000001b2      0x484 src/ASF/common/services/usb/class/cdc/device/udi_cdc.o
 .debug_abbrev  0x00000636      0x41d src/ASF/common/services/usb/udc/udc.o
 .debug_abbrev  0x00000a53      0x337 src/ASF/sam/drivers/adc/adc.o
 .debug_abbrev  0x00000d8a      0x293 src/ASF/sam/drivers/tc/tc.o
 .debug_abbrev  0x0000101d      0x5c0 src/ASF/sam/drivers/uotghs/uotghs_device.o
 .debug_abbrev  0x000015dd      0x1c7 src/ASF/common/services/usb/class/cdc/device/udi_cdc_desc.o
 .debug_abbrev  0x000017a4      0x1b3 src/ASF/common/services/delay/sam/cycle_counter.o
 .debug_abbrev  0x00001957      0x330 src/ASF/common/services/clock/sam3x/sysclk.o
 .debug_abbrev  0x00001c87      0x221 src/ASF/common/utils/interrupt/interrupt_sam_nvic.o
 .debug_abbrev  0x00001ea8      0x262 src/ASF/sam/boards/arduino_due_x/init.o
 .debug_abbrev  0x0000210a      0x3c7 src/ASF/sam/drivers/pio/pio.o
 .debug_abbrev  0x000024d1      0x340 src/ASF/sam/drivers/pio/pio_handler.o
 .debug_abbrev  0x00002811      0x335 src/ASF/sam/drivers/pmc/pmc.o
 .debug_abbrev  0x00002b46      0x314 src/ASF/sam/drivers/pmc/sleep.o
 .debug_abbrev  0x00002e5a       0xb4 src/ASF/sam/utils/cmsis/sam3x/source/templates/exceptions.o
 .debug_abbrev  0x00002f0e      0x1f2 src/ASF/sam/utils/cmsis/sam3x/source/templates/gcc/startup_sam3x.o
 .debug_abbrev  0x00003100      0x1f4 src/ASF/sam/utils/cmsis/sam3x/source/templates/system_sam3x.o
 .debug_abbrev  0x000032f4      0x264 src/ASF/sam/utils/syscalls/gcc/syscalls.o
 .debug_abbrev  0x00003558      0x392 src/main.o

.debug_aranges  0x00000000      0xb00
 .debug_aranges
                0x00000000       0x18 src/ASF/common/services/sleepmgr/sam/sleepmgr.o
 .debug_aranges
                0x00000018      0x178 src/ASF/common/services/usb/class/cdc/device/udi_cdc.o
 .debug_aranges
                0x00000190       0x70 src/ASF/common/services/usb/udc/udc.o
 .debug_aranges
                0x00000200      0x178 src/ASF/sam/drivers/adc/adc.o
 .debug_aranges
                0x00000378       0xd0 src/ASF/sam/drivers/tc/tc.o
 .debug_aranges
                0x00000448      0x100 src/ASF/sam/drivers/uotghs/uotghs_device.o
 .debug_aranges
                0x00000548       0x18 src/ASF/common/services/usb/class/cdc/device/udi_cdc_desc.o
 .debug_aranges
                0x00000560       0x20 src/ASF/common/services/delay/sam/cycle_counter.o
 .debug_aranges
                0x00000580       0x40 src/ASF/common/services/clock/sam3x/sysclk.o
 .debug_aranges
                0x000005c0       0x28 src/ASF/common/utils/interrupt/interrupt_sam_nvic.o
 .debug_aranges
                0x000005e8       0x20 src/ASF/sam/boards/arduino_due_x/init.o
 .debug_aranges
                0x00000608      0x148 src/ASF/sam/drivers/pio/pio.o
 .debug_aranges
                0x00000750       0x58 src/ASF/sam/drivers/pio/pio_handler.o
 .debug_aranges
                0x000007a8      0x200 src/ASF/sam/drivers/pmc/pmc.o
 .debug_aranges
                0x000009a8       0x30 src/ASF/sam/drivers/pmc/sleep.o
 .debug_aranges
                0x000009d8       0x28 src/ASF/sam/utils/cmsis/sam3x/source/templates/exceptions.o
 .debug_aranges
                0x00000a00       0x20 src/ASF/sam/utils/cmsis/sam3x/source/templates/gcc/startup_sam3x.o
 .debug_aranges
                0x00000a20       0x30 src/ASF/sam/utils/cmsis/sam3x/source/templates/system_sam3x.o
 .debug_aranges
                0x00000a50       0x60 src/ASF/sam/utils/syscalls/gcc/syscalls.o
 .debug_aranges
                0x00000ab0       0x50 src/main.o

.debug_macro    0x00000000    0x1b3fe
 .debug_macro   0x00000000      0x59a src/ASF/common/services/sleepmgr/sam/sleepmgr.o
 .debug_macro   0x0000059a      0x8d4 src/ASF/common/services/sleepmgr/sam/sleepmgr.o
 .debug_macro   0x00000e6e      0x16d src/ASF/common/services/sleepmgr/sam/sleepmgr.o
 .debug_macro   0x00000fdb      0x71d src/ASF/common/services/sleepmgr/sam/sleepmgr.o
 .debug_macro   0x000016f8       0x76 src/ASF/common/services/sleepmgr/sam/sleepmgr.o
 .debug_macro   0x0000176e       0x16 src/ASF/common/services/sleepmgr/sam/sleepmgr.o
 .debug_macro   0x00001784      0x6da src/ASF/common/services/sleepmgr/sam/sleepmgr.o
 .debug_macro   0x00001e5e       0x22 src/ASF/common/services/sleepmgr/sam/sleepmgr.o
 .debug_macro   0x00001e80       0x87 src/ASF/common/services/sleepmgr/sam/sleepmgr.o
 .debug_macro   0x00001f07       0x51 src/ASF/common/services/sleepmgr/sam/sleepmgr.o
 .debug_macro   0x00001f58       0xef src/ASF/common/services/sleepmgr/sam/sleepmgr.o
 .debug_macro   0x00002047       0x6a src/ASF/common/services/sleepmgr/sam/sleepmgr.o
 .debug_macro   0x000020b1      0x1df src/ASF/common/services/sleepmgr/sam/sleepmgr.o
 .debug_macro   0x00002290       0x20 src/ASF/common/services/sleepmgr/sam/sleepmgr.o
 .debug_macro   0x000022b0       0x1c src/ASF/common/services/sleepmgr/sam/sleepmgr.o
 .debug_macro   0x000022cc       0x22 src/ASF/common/services/sleepmgr/sam/sleepmgr.o
 .debug_macro   0x000022ee       0xc3 src/ASF/common/services/sleepmgr/sam/sleepmgr.o
 .debug_macro   0x000023b1      0xe49 src/ASF/common/services/sleepmgr/sam/sleepmgr.o
 .debug_macro   0x000031fa      0x11f src/ASF/common/services/sleepmgr/sam/sleepmgr.o
 .debug_macro   0x00003319      0xa7d src/ASF/common/services/sleepmgr/sam/sleepmgr.o
 .debug_macro   0x00003d96      0x55a src/ASF/common/services/sleepmgr/sam/sleepmgr.o
 .debug_macro   0x000042f0      0x1a8 src/ASF/common/services/sleepmgr/sam/sleepmgr.o
 .debug_macro   0x00004498      0x30b src/ASF/common/services/sleepmgr/sam/sleepmgr.o
 .debug_macro   0x000047a3      0x709 src/ASF/common/services/sleepmgr/sam/sleepmgr.o
 .debug_macro   0x00004eac       0xd6 src/ASF/common/services/sleepmgr/sam/sleepmgr.o
 .debug_macro   0x00004f82      0x56c src/ASF/common/services/sleepmgr/sam/sleepmgr.o
 .debug_macro   0x000054ee       0x1c src/ASF/common/services/sleepmgr/sam/sleepmgr.o
 .debug_macro   0x0000550a      0x678 src/ASF/common/services/sleepmgr/sam/sleepmgr.o
 .debug_macro   0x00005b82      0x51e src/ASF/common/services/sleepmgr/sam/sleepmgr.o
 .debug_macro   0x000060a0       0xbe src/ASF/common/services/sleepmgr/sam/sleepmgr.o
 .debug_macro   0x0000615e     0x2333 src/ASF/common/services/sleepmgr/sam/sleepmgr.o
 .debug_macro   0x00008491      0x7d1 src/ASF/common/services/sleepmgr/sam/sleepmgr.o
 .debug_macro   0x00008c62      0xdbb src/ASF/common/services/sleepmgr/sam/sleepmgr.o
 .debug_macro   0x00009a1d       0x9a src/ASF/common/services/sleepmgr/sam/sleepmgr.o
 .debug_macro   0x00009ab7      0x29c src/ASF/common/services/sleepmgr/sam/sleepmgr.o
 .debug_macro   0x00009d53       0x58 src/ASF/common/services/sleepmgr/sam/sleepmgr.o
 .debug_macro   0x00009dab      0x999 src/ASF/common/services/sleepmgr/sam/sleepmgr.o
 .debug_macro   0x0000a744      0x22d src/ASF/common/services/sleepmgr/sam/sleepmgr.o
 .debug_macro   0x0000a971      0x4b4 src/ASF/common/services/sleepmgr/sam/sleepmgr.o
 .debug_macro   0x0000ae25      0x64a src/ASF/common/services/sleepmgr/sam/sleepmgr.o
 .debug_macro   0x0000b46f      0x590 src/ASF/common/services/sleepmgr/sam/sleepmgr.o
 .debug_macro   0x0000b9ff       0x46 src/ASF/common/services/sleepmgr/sam/sleepmgr.o
 .debug_macro   0x0000ba45      0x33f src/ASF/common/services/sleepmgr/sam/sleepmgr.o
 .debug_macro   0x0000bd84      0x27e src/ASF/common/services/sleepmgr/sam/sleepmgr.o
 .debug_macro   0x0000c002     0x14dc src/ASF/common/services/sleepmgr/sam/sleepmgr.o
 .debug_macro   0x0000d4de      0x7cf src/ASF/common/services/sleepmgr/sam/sleepmgr.o
 .debug_macro   0x0000dcad       0x76 src/ASF/common/services/sleepmgr/sam/sleepmgr.o
 .debug_macro   0x0000dd23       0x82 src/ASF/common/services/sleepmgr/sam/sleepmgr.o
 .debug_macro   0x0000dda5       0x76 src/ASF/common/services/sleepmgr/sam/sleepmgr.o
 .debug_macro   0x0000de1b       0x4c src/ASF/common/services/sleepmgr/sam/sleepmgr.o
 .debug_macro   0x0000de67      0x100 src/ASF/common/services/sleepmgr/sam/sleepmgr.o
 .debug_macro   0x0000df67      0x100 src/ASF/common/services/sleepmgr/sam/sleepmgr.o
 .debug_macro   0x0000e067      0x100 src/ASF/common/services/sleepmgr/sam/sleepmgr.o
 .debug_macro   0x0000e167       0x88 src/ASF/common/services/sleepmgr/sam/sleepmgr.o
 .debug_macro   0x0000e1ef       0x88 src/ASF/common/services/sleepmgr/sam/sleepmgr.o
 .debug_macro   0x0000e277      0x3b4 src/ASF/common/services/sleepmgr/sam/sleepmgr.o
 .debug_macro   0x0000e62b       0xbe src/ASF/common/services/sleepmgr/sam/sleepmgr.o
 .debug_macro   0x0000e6e9       0xbe src/ASF/common/services/sleepmgr/sam/sleepmgr.o
 .debug_macro   0x0000e7a7       0xbe src/ASF/common/services/sleepmgr/sam/sleepmgr.o
 .debug_macro   0x0000e865       0xbe src/ASF/common/services/sleepmgr/sam/sleepmgr.o
 .debug_macro   0x0000e923      0x2b8 src/ASF/common/services/sleepmgr/sam/sleepmgr.o
 .debug_macro   0x0000ebdb      0x118 src/ASF/common/services/sleepmgr/sam/sleepmgr.o
 .debug_macro   0x0000ecf3      0x216 src/ASF/common/services/sleepmgr/sam/sleepmgr.o
 .debug_macro   0x0000ef09      0x216 src/ASF/common/services/sleepmgr/sam/sleepmgr.o
 .debug_macro   0x0000f11f       0x2e src/ASF/common/services/sleepmgr/sam/sleepmgr.o
 .debug_macro   0x0000f14d       0xac src/ASF/common/services/sleepmgr/sam/sleepmgr.o
 .debug_macro   0x0000f1f9      0x13e src/ASF/common/services/sleepmgr/sam/sleepmgr.o
 .debug_macro   0x0000f337       0x7c src/ASF/common/services/sleepmgr/sam/sleepmgr.o
 .debug_macro   0x0000f3b3      0x1f6 src/ASF/common/services/sleepmgr/sam/sleepmgr.o
 .debug_macro   0x0000f5a9       0x64 src/ASF/common/services/sleepmgr/sam/sleepmgr.o
 .debug_macro   0x0000f60d       0xa6 src/ASF/common/services/sleepmgr/sam/sleepmgr.o
 .debug_macro   0x0000f6b3       0x7c src/ASF/common/services/sleepmgr/sam/sleepmgr.o
 .debug_macro   0x0000f72f       0x16 src/ASF/common/services/sleepmgr/sam/sleepmgr.o
 .debug_macro   0x0000f745       0x22 src/ASF/common/services/sleepmgr/sam/sleepmgr.o
 .debug_macro   0x0000f767       0x22 src/ASF/common/services/sleepmgr/sam/sleepmgr.o
 .debug_macro   0x0000f789      0x10c src/ASF/common/services/sleepmgr/sam/sleepmgr.o
 .debug_macro   0x0000f895      0x10c src/ASF/common/services/sleepmgr/sam/sleepmgr.o
 .debug_macro   0x0000f9a1      0x10c src/ASF/common/services/sleepmgr/sam/sleepmgr.o
 .debug_macro   0x0000faad      0x10c src/ASF/common/services/sleepmgr/sam/sleepmgr.o
 .debug_macro   0x0000fbb9       0x1c src/ASF/common/services/sleepmgr/sam/sleepmgr.o
 .debug_macro   0x0000fbd5       0x2e src/ASF/common/services/sleepmgr/sam/sleepmgr.o
 .debug_macro   0x0000fc03       0x22 src/ASF/common/services/sleepmgr/sam/sleepmgr.o
 .debug_macro   0x0000fc25       0x1c src/ASF/common/services/sleepmgr/sam/sleepmgr.o
 .debug_macro   0x0000fc41       0x58 src/ASF/common/services/sleepmgr/sam/sleepmgr.o
 .debug_macro   0x0000fc99       0x10 src/ASF/common/services/sleepmgr/sam/sleepmgr.o
 .debug_macro   0x0000fca9      0x27a src/ASF/common/services/sleepmgr/sam/sleepmgr.o
 .debug_macro   0x0000ff23      0xd34 src/ASF/common/services/sleepmgr/sam/sleepmgr.o
 .debug_macro   0x00010c57      0x170 src/ASF/common/services/sleepmgr/sam/sleepmgr.o
 .debug_macro   0x00010dc7       0x58 src/ASF/common/services/sleepmgr/sam/sleepmgr.o
 .debug_macro   0x00010e1f       0x35 src/ASF/common/services/sleepmgr/sam/sleepmgr.o
 .debug_macro   0x00010e54       0x9c src/ASF/common/services/sleepmgr/sam/sleepmgr.o
 .debug_macro   0x00010ef0       0x16 src/ASF/common/services/sleepmgr/sam/sleepmgr.o
 .debug_macro   0x00010f06       0x35 src/ASF/common/services/sleepmgr/sam/sleepmgr.o
 .debug_macro   0x00010f3b      0x34d src/ASF/common/services/sleepmgr/sam/sleepmgr.o
 .debug_macro   0x00011288       0x10 src/ASF/common/services/sleepmgr/sam/sleepmgr.o
 .debug_macro   0x00011298       0x58 src/ASF/common/services/sleepmgr/sam/sleepmgr.o
 .debug_macro   0x000112f0       0x1f src/ASF/common/services/sleepmgr/sam/sleepmgr.o
 .debug_macro   0x0001130f       0x43 src/ASF/common/services/sleepmgr/sam/sleepmgr.o
 .debug_macro   0x00011352       0x20 src/ASF/common/services/sleepmgr/sam/sleepmgr.o
 .debug_macro   0x00011372      0x187 src/ASF/common/services/sleepmgr/sam/sleepmgr.o
 .debug_macro   0x000114f9       0x10 src/ASF/common/services/sleepmgr/sam/sleepmgr.o
 .debug_macro   0x00011509       0x1c src/ASF/common/services/sleepmgr/sam/sleepmgr.o
 .debug_macro   0x00011525       0x52 src/ASF/common/services/sleepmgr/sam/sleepmgr.o
 .debug_macro   0x00011577       0x40 src/ASF/common/services/sleepmgr/sam/sleepmgr.o
 .debug_macro   0x000115b7       0x10 src/ASF/common/services/sleepmgr/sam/sleepmgr.o
 .debug_macro   0x000115c7       0x40 src/ASF/common/services/sleepmgr/sam/sleepmgr.o
 .debug_macro   0x00011607       0xd7 src/ASF/common/services/sleepmgr/sam/sleepmgr.o
 .debug_macro   0x000116de       0x16 src/ASF/common/services/sleepmgr/sam/sleepmgr.o
 .debug_macro   0x000116f4      0x18b src/ASF/common/services/sleepmgr/sam/sleepmgr.o
 .debug_macro   0x0001187f       0x22 src/ASF/common/services/sleepmgr/sam/sleepmgr.o
 .debug_macro   0x000118a1       0x16 src/ASF/common/services/sleepmgr/sam/sleepmgr.o
 .debug_macro   0x000118b7       0x16 src/ASF/common/services/sleepmgr/sam/sleepmgr.o
 .debug_macro   0x000118cd       0x29 src/ASF/common/services/sleepmgr/sam/sleepmgr.o
 .debug_macro   0x000118f6       0x73 src/ASF/common/services/sleepmgr/sam/sleepmgr.o
 .debug_macro   0x00011969       0x3e src/ASF/common/services/sleepmgr/sam/sleepmgr.o
 .debug_macro   0x000119a7      0x3ca src/ASF/common/services/sleepmgr/sam/sleepmgr.o
 .debug_macro   0x00011d71       0x10 src/ASF/common/services/sleepmgr/sam/sleepmgr.o
 .debug_macro   0x00011d81       0x34 src/ASF/common/services/sleepmgr/sam/sleepmgr.o
 .debug_macro   0x00011db5      0x6ae src/ASF/common/services/usb/class/cdc/device/udi_cdc.o
 .debug_macro   0x00012463       0x7b src/ASF/common/services/usb/class/cdc/device/udi_cdc.o
 .debug_macro   0x000124de      0x21e src/ASF/common/services/usb/class/cdc/device/udi_cdc.o
 .debug_macro   0x000126fc       0x99 src/ASF/common/services/usb/class/cdc/device/udi_cdc.o
 .debug_macro   0x00012795      0x241 src/ASF/common/services/usb/class/cdc/device/udi_cdc.o
 .debug_macro   0x000129d6      0x162 src/ASF/common/services/usb/class/cdc/device/udi_cdc.o
 .debug_macro   0x00012b38       0x16 src/ASF/common/services/usb/class/cdc/device/udi_cdc.o
 .debug_macro   0x00012b4e       0x1c src/ASF/common/services/usb/class/cdc/device/udi_cdc.o
 .debug_macro   0x00012b6a      0x190 src/ASF/common/services/usb/class/cdc/device/udi_cdc.o
 .debug_macro   0x00012cfa       0x16 src/ASF/common/services/usb/class/cdc/device/udi_cdc.o
 .debug_macro   0x00012d10      0x5fe src/ASF/common/services/usb/udc/udc.o
 .debug_macro   0x0001330e      0x58d src/ASF/sam/drivers/adc/adc.o
 .debug_macro   0x0001389b       0x2e src/ASF/sam/drivers/adc/adc.o
 .debug_macro   0x000138c9      0x589 src/ASF/sam/drivers/tc/tc.o
 .debug_macro   0x00013e52       0x52 src/ASF/sam/drivers/tc/tc.o
 .debug_macro   0x00013ea4       0x8d src/ASF/sam/drivers/tc/tc.o
 .debug_macro   0x00013f31       0x16 src/ASF/sam/drivers/tc/tc.o
 .debug_macro   0x00013f47       0x57 src/ASF/sam/drivers/tc/tc.o
 .debug_macro   0x00013f9e       0x1c src/ASF/sam/drivers/tc/tc.o
 .debug_macro   0x00013fba      0x759 src/ASF/sam/drivers/uotghs/uotghs_device.o
 .debug_macro   0x00014713       0x34 src/ASF/sam/drivers/uotghs/uotghs_device.o
 .debug_macro   0x00014747      0x2df src/ASF/sam/drivers/uotghs/uotghs_device.o
 .debug_macro   0x00014a26      0x78f src/ASF/sam/drivers/uotghs/uotghs_device.o
 .debug_macro   0x000151b5       0x46 src/ASF/sam/drivers/uotghs/uotghs_device.o
 .debug_macro   0x000151fb       0x64 src/ASF/sam/drivers/uotghs/uotghs_device.o
 .debug_macro   0x0001525f       0x5f src/ASF/sam/drivers/uotghs/uotghs_device.o
 .debug_macro   0x000152be       0x90 src/ASF/sam/drivers/uotghs/uotghs_device.o
 .debug_macro   0x0001534e      0x1c7 src/ASF/sam/drivers/uotghs/uotghs_device.o
 .debug_macro   0x00015515      0x5c4 src/ASF/sam/drivers/uotghs/uotghs_device.o
 .debug_macro   0x00015ad9      0x612 src/ASF/common/services/usb/class/cdc/device/udi_cdc_desc.o
 .debug_macro   0x000160eb      0x583 src/ASF/common/services/delay/sam/cycle_counter.o
 .debug_macro   0x0001666e       0x22 src/ASF/common/services/delay/sam/cycle_counter.o
 .debug_macro   0x00016690      0x602 src/ASF/common/services/clock/sam3x/sysclk.o
 .debug_macro   0x00016c92      0x2d9 src/ASF/common/services/clock/sam3x/sysclk.o
 .debug_macro   0x00016f6b      0x574 src/ASF/common/utils/interrupt/interrupt_sam_nvic.o
 .debug_macro   0x000174df      0x647 src/ASF/sam/boards/arduino_due_x/init.o
 .debug_macro   0x00017b26       0x16 src/ASF/sam/boards/arduino_due_x/init.o
 .debug_macro   0x00017b3c       0x94 src/ASF/sam/boards/arduino_due_x/init.o
 .debug_macro   0x00017bd0       0x40 src/ASF/sam/boards/arduino_due_x/init.o
 .debug_macro   0x00017c10       0x6a src/ASF/sam/boards/arduino_due_x/init.o
 .debug_macro   0x00017c7a      0x58f src/ASF/sam/drivers/pio/pio.o
 .debug_macro   0x00018209       0x8e src/ASF/sam/drivers/pio/pio.o
 .debug_macro   0x00018297      0x593 src/ASF/sam/drivers/pio/pio_handler.o
 .debug_macro   0x0001882a      0x589 src/ASF/sam/drivers/pmc/pmc.o
 .debug_macro   0x00018db3       0x40 src/ASF/sam/drivers/pmc/pmc.o
 .debug_macro   0x00018df3      0x5b3 src/ASF/sam/drivers/pmc/sleep.o
 .debug_macro   0x000193a6      0x37b src/ASF/sam/utils/cmsis/sam3x/source/templates/exceptions.o
 .debug_macro   0x00019721      0x596 src/ASF/sam/utils/cmsis/sam3x/source/templates/gcc/startup_sam3x.o
 .debug_macro   0x00019cb7      0x5af src/ASF/sam/utils/cmsis/sam3x/source/templates/system_sam3x.o
 .debug_macro   0x0001a266       0x26 src/ASF/sam/utils/cmsis/sam3x/source/templates/system_sam3x.o
 .debug_macro   0x0001a28c      0x1d6 src/ASF/sam/utils/syscalls/gcc/syscalls.o
 .debug_macro   0x0001a462       0x97 src/ASF/sam/utils/syscalls/gcc/syscalls.o
 .debug_macro   0x0001a4f9      0x353 src/ASF/sam/utils/syscalls/gcc/syscalls.o
 .debug_macro   0x0001a84c       0xf6 src/ASF/sam/utils/syscalls/gcc/syscalls.o
 .debug_macro   0x0001a942       0x4c src/ASF/sam/utils/syscalls/gcc/syscalls.o
 .debug_macro   0x0001a98e       0x16 src/ASF/sam/utils/syscalls/gcc/syscalls.o
 .debug_macro   0x0001a9a4       0x10 src/ASF/sam/utils/syscalls/gcc/syscalls.o
 .debug_macro   0x0001a9b4       0x10 src/ASF/sam/utils/syscalls/gcc/syscalls.o
 .debug_macro   0x0001a9c4       0x35 src/ASF/sam/utils/syscalls/gcc/syscalls.o
 .debug_macro   0x0001a9f9      0x122 src/ASF/sam/utils/syscalls/gcc/syscalls.o
 .debug_macro   0x0001ab1b      0x792 src/main.o
 .debug_macro   0x0001b2ad       0x16 src/main.o
 .debug_macro   0x0001b2c3       0x28 src/main.o
 .debug_macro   0x0001b2eb       0x22 src/main.o
 .debug_macro   0x0001b30d       0x70 src/main.o
 .debug_macro   0x0001b37d       0x81 src/main.o

.debug_line     0x00000000     0xeac8
 .debug_line    0x00000000      0x9ec src/ASF/common/services/sleepmgr/sam/sleepmgr.o
 .debug_line    0x000009ec     0x115e src/ASF/common/services/usb/class/cdc/device/udi_cdc.o
 .debug_line    0x00001b4a      0xc8b src/ASF/common/services/usb/udc/udc.o
 .debug_line    0x000027d5      0xd26 src/ASF/sam/drivers/adc/adc.o
 .debug_line    0x000034fb      0xb22 src/ASF/sam/drivers/tc/tc.o
 .debug_line    0x0000401d     0x15ef src/ASF/sam/drivers/uotghs/uotghs_device.o
 .debug_line    0x0000560c      0xa6e src/ASF/common/services/usb/class/cdc/device/udi_cdc_desc.o
 .debug_line    0x0000607a      0x98a src/ASF/common/services/delay/sam/cycle_counter.o
 .debug_line    0x00006a04      0xb3a src/ASF/common/services/clock/sam3x/sysclk.o
 .debug_line    0x0000753e      0x999 src/ASF/common/utils/interrupt/interrupt_sam_nvic.o
 .debug_line    0x00007ed7      0xbcd src/ASF/sam/boards/arduino_due_x/init.o
 .debug_line    0x00008aa4      0xd05 src/ASF/sam/drivers/pio/pio.o
 .debug_line    0x000097a9      0xa55 src/ASF/sam/drivers/pio/pio_handler.o
 .debug_line    0x0000a1fe      0xefe src/ASF/sam/drivers/pmc/pmc.o
 .debug_line    0x0000b0fc      0xb43 src/ASF/sam/drivers/pmc/sleep.o
 .debug_line    0x0000bc3f      0x744 src/ASF/sam/utils/cmsis/sam3x/source/templates/exceptions.o
 .debug_line    0x0000c383      0x9ec src/ASF/sam/utils/cmsis/sam3x/source/templates/gcc/startup_sam3x.o
 .debug_line    0x0000cd6f      0xa1e src/ASF/sam/utils/cmsis/sam3x/source/templates/system_sam3x.o
 .debug_line    0x0000d78d      0x40b src/ASF/sam/utils/syscalls/gcc/syscalls.o
 .debug_line    0x0000db98      0xf30 src/main.o

.debug_str      0x00000000    0x7478b
 .debug_str     0x00000000    0x6068e src/ASF/common/services/sleepmgr/sam/sleepmgr.o
                              0x60a53 (size before relaxing)
 .debug_str     0x0006068e     0x47e3 src/ASF/common/services/usb/class/cdc/device/udi_cdc.o
                              0x65109 (size before relaxing)
 .debug_str     0x00064e71      0x8ee src/ASF/common/services/usb/udc/udc.o
                              0x637b1 (size before relaxing)
 .debug_str     0x0006575f      0xaf0 src/ASF/sam/drivers/adc/adc.o
                              0x613d2 (size before relaxing)
 .debug_str     0x0006624f      0x385 src/ASF/sam/drivers/tc/tc.o
                              0x60c26 (size before relaxing)
 .debug_str     0x000665d4     0xb5d6 src/ASF/sam/drivers/uotghs/uotghs_device.o
                              0x6e8ff (size before relaxing)
 .debug_str     0x00071baa      0x231 src/ASF/common/services/usb/class/cdc/device/udi_cdc_desc.o
                              0x6477a (size before relaxing)
 .debug_str     0x00071ddb      0x1a9 src/ASF/common/services/delay/sam/cycle_counter.o
                              0x60a3b (size before relaxing)
 .debug_str     0x00071f84      0x3d0 src/ASF/common/services/clock/sam3x/sysclk.o
                              0x64941 (size before relaxing)
 .debug_str     0x00072354       0x65 src/ASF/common/utils/interrupt/interrupt_sam_nvic.o
                              0x60917 (size before relaxing)
 .debug_str     0x000723b9      0xa69 src/ASF/sam/boards/arduino_due_x/init.o
                              0x65023 (size before relaxing)
 .debug_str     0x00072e22      0x3e4 src/ASF/sam/drivers/pio/pio.o
                              0x61259 (size before relaxing)
 .debug_str     0x00073206      0x159 src/ASF/sam/drivers/pio/pio_handler.o
                              0x61378 (size before relaxing)
 .debug_str     0x0007335f      0x532 src/ASF/sam/drivers/pmc/pmc.o
                              0x61215 (size before relaxing)
 .debug_str     0x00073891      0x16b src/ASF/sam/drivers/pmc/sleep.o
                              0x641f0 (size before relaxing)
 .debug_str     0x000739fc       0x61 src/ASF/sam/utils/cmsis/sam3x/source/templates/exceptions.o
                              0x500a1 (size before relaxing)
 .debug_str     0x00073a5d       0xec src/ASF/sam/utils/cmsis/sam3x/source/templates/gcc/startup_sam3x.o
                              0x60a0d (size before relaxing)
 .debug_str     0x00073b49      0x1d7 src/ASF/sam/utils/cmsis/sam3x/source/templates/system_sam3x.o
                              0x60c25 (size before relaxing)
 .debug_str     0x00073d20      0x76e src/ASF/sam/utils/syscalls/gcc/syscalls.o
                               0x7425 (size before relaxing)
 .debug_str     0x0007448e      0x2fd src/main.o
                              0x698a4 (size before relaxing)

.debug_loc      0x00000000     0x608f
 .debug_loc     0x00000000     0x11ee src/ASF/common/services/usb/class/cdc/device/udi_cdc.o
 .debug_loc     0x000011ee      0x49b src/ASF/common/services/usb/udc/udc.o
 .debug_loc     0x00001689      0x9a4 src/ASF/sam/drivers/adc/adc.o
 .debug_loc     0x0000202d      0x5a4 src/ASF/sam/drivers/tc/tc.o
 .debug_loc     0x000025d1     0x166c src/ASF/sam/drivers/uotghs/uotghs_device.o
 .debug_loc     0x00003c3d      0x183 src/ASF/common/services/clock/sam3x/sysclk.o
 .debug_loc     0x00003dc0       0x70 src/ASF/sam/boards/arduino_due_x/init.o
 .debug_loc     0x00003e30      0xacc src/ASF/sam/drivers/pio/pio.o
 .debug_loc     0x000048fc      0x571 src/ASF/sam/drivers/pio/pio_handler.o
 .debug_loc     0x00004e6d      0xa54 src/ASF/sam/drivers/pmc/pmc.o
 .debug_loc     0x000058c1      0x43b src/ASF/sam/drivers/pmc/sleep.o
 .debug_loc     0x00005cfc       0x20 src/ASF/sam/utils/cmsis/sam3x/source/templates/exceptions.o
 .debug_loc     0x00005d1c       0x6b src/ASF/sam/utils/cmsis/sam3x/source/templates/gcc/startup_sam3x.o
 .debug_loc     0x00005d87       0xfd src/ASF/sam/utils/syscalls/gcc/syscalls.o
 .debug_loc     0x00005e84      0x20b src/main.o

.debug_ranges   0x00000000      0xb20
 .debug_ranges  0x00000000      0x1b0 src/ASF/common/services/usb/class/cdc/device/udi_cdc.o
 .debug_ranges  0x000001b0       0xa8 src/ASF/common/services/usb/udc/udc.o
 .debug_ranges  0x00000258      0x168 src/ASF/sam/drivers/adc/adc.o
 .debug_ranges  0x000003c0       0xc0 src/ASF/sam/drivers/tc/tc.o
 .debug_ranges  0x00000480      0x158 src/ASF/sam/drivers/uotghs/uotghs_device.o
 .debug_ranges  0x000005d8       0x10 src/ASF/common/services/delay/sam/cycle_counter.o
 .debug_ranges  0x000005e8       0x30 src/ASF/common/services/clock/sam3x/sysclk.o
 .debug_ranges  0x00000618       0x18 src/ASF/common/utils/interrupt/interrupt_sam_nvic.o
 .debug_ranges  0x00000630       0x10 src/ASF/sam/boards/arduino_due_x/init.o
 .debug_ranges  0x00000640      0x150 src/ASF/sam/drivers/pio/pio.o
 .debug_ranges  0x00000790       0x60 src/ASF/sam/drivers/pio/pio_handler.o
 .debug_ranges  0x000007f0      0x1f0 src/ASF/sam/drivers/pmc/pmc.o
 .debug_ranges  0x000009e0       0x50 src/ASF/sam/drivers/pmc/sleep.o
 .debug_ranges  0x00000a30       0x18 src/ASF/sam/utils/cmsis/sam3x/source/templates/exceptions.o
 .debug_ranges  0x00000a48       0x10 src/ASF/sam/utils/cmsis/sam3x/source/templates/gcc/startup_sam3x.o
 .debug_ranges  0x00000a58       0x20 src/ASF/sam/utils/cmsis/sam3x/source/templates/system_sam3x.o
 .debug_ranges  0x00000a78       0x50 src/ASF/sam/utils/syscalls/gcc/syscalls.o
 .debug_ranges  0x00000ac8       0x58 src/main.o

.debug_frame    0x00000000     0x2594
 .debug_frame   0x00000000      0x48c src/ASF/common/services/usb/class/cdc/device/udi_cdc.o
 .debug_frame   0x0000048c      0x13c src/ASF/common/services/usb/udc/udc.o
 .debug_frame   0x000005c8      0x320 src/ASF/sam/drivers/adc/adc.o